******************************************************************************
                  TI ARM Linker PC v20.2.5                     
******************************************************************************
>> Linked Fri Mar 18 04:33:40 2022

OUTPUT FILE NAME:   <IMU.out>
ENTRY POINT SYMBOL: "_c_int00_noargs"  address: 00002269


MEMORY CONFIGURATION

         name            origin    length      used     unused   attr    fill
----------------------  --------  ---------  --------  --------  ----  --------
  FLASH                 00000000   00040000  000026c6  0003d93a  R  X
  SRAM                  20000000   00008000  000003c1  00007c3f  RW X


SEGMENT ALLOCATION MAP

run origin  load origin   length   init length attrs members
----------  ----------- ---------- ----------- ----- -------
00000000    00000000    000026d0   000026d0    r-x
  00000000    00000000    0000026c   0000026c    r-- .intvecs
  0000026c    0000026c    000021ee   000021ee    r-x .text
  00002460    00002460    00000224   00000224    r-- .const
  00002688    00002688    00000048   00000048    r-- .cinit
20000000    20000000    000003c4   00000000    rw-
  20000000    20000000    00000200   00000000    rw- .stack
  20000200    20000200    00000189   00000000    rw- .bss
  2000038c    2000038c    00000038   00000000    rw- .data


SECTION ALLOCATION MAP

 output                                  attributes/
section   page    origin      length       input sections
--------  ----  ----------  ----------   ----------------
.intvecs   0    00000000    0000026c     
                  00000000    0000026c     adc_timer_uart_startup_ccs.obj (.intvecs)

.text      0    0000026c    000021ee     
                  0000026c    000002ec     rtsv7M4_T_le_v4SPD16_eabi.lib : s_atan.c.obj (.text:atan)
                  00000558    00000280     MPU6050.obj (.text)
                  000007d8    0000027c     PID.obj (.text)
                  00000a54    000001e4     rtsv7M4_T_le_v4SPD16_eabi.lib : e_atan2.c.obj (.text:atan2)
                  00000c38    000001b6                                   : fd_add_t2.asm.obj (.text)
                  00000dee    00000002     --HOLE-- [fill = 0]
                  00000df0    00000158                                   : e_sqrt.c.obj (.text:sqrt)
                  00000f48    00000136                                   : fd_div_t2.asm.obj (.text)
                  0000107e    00000132     driverlib.lib : gpio.obj (.text:GPIOPadConfigSet)
                  000011b0    00000110                   : sysctl.obj (.text:SysCtlClockGet)
                  000012c0    000000fc     rtsv7M4_T_le_v4SPD16_eabi.lib : fd_mul_t2.asm.obj (.text)
                  000013bc    000000f4     driverlib.lib : sysctl.obj (.text:SysCtlClockSet)
                  000014b0    000000f2     sensorlib.lib : i2cm_drv.obj (.text:I2CMIntHandler)
                  000015a2    00000002     --HOLE-- [fill = 0]
                  000015a4    000000f0                   : mpu6050.obj (.text:MPU6050Callback)
                  00001694    0000009c     rtsv7M4_T_le_v4SPD16_eabi.lib : memcpy_t2.asm.obj (.text)
                  00001730    00000098     sensorlib.lib : i2cm_drv.obj (.text:I2CMStateIdle)
                  000017c8    00000088                   : i2cm_drv.obj (.text:I2CMCommand)
                  00001850    00000086     rtsv7M4_T_le_v4SPD16_eabi.lib : fd_cmp_t2.asm.obj (.text:__aeabi_cdrcmple)
                  000018d6    00000002     --HOLE-- [fill = 0]
                  000018d8    00000078     sensorlib.lib : i2cm_drv.obj (.text:I2CMReadModifyWrite8)
                  00001950    00000070                   : mpu6050.obj (.text:MPU6050DataAccelGetFloat)
                  000019c0    00000070                   : mpu6050.obj (.text:MPU6050DataGyroGetFloat)
                  00001a30    0000006e     rtsv7M4_T_le_v4SPD16_eabi.lib : fd_tos_t2.asm.obj (.text)
                  00001a9e    00000002     --HOLE-- [fill = 0]
                  00001aa0    00000068     driverlib.lib : interrupt.obj (.text:IntDisable)
                  00001b08    00000068                   : interrupt.obj (.text:IntEnable)
                  00001b70    00000068     rtsv7M4_T_le_v4SPD16_eabi.lib : copy_decompress_lzss.c.obj (.text:decompress:lzss:__TI_decompress_lzss)
                  00001bd8    00000064     driverlib.lib : interrupt.obj (.text:IntIsEnabled)
                  00001c3c    00000064     main.obj (.text)
                  00001ca0    00000060     sensorlib.lib : i2cm_drv.obj (.text:I2CMReadModifyWrite8Callback)
                  00001d00    00000060     driverlib.lib : timer.obj (.text:TimerConfigure)
                  00001d60    0000005e     sensorlib.lib : i2cm_drv.obj (.text:I2CMStateWritePause)
                  00001dbe    00000002     --HOLE-- [fill = 0]
                  00001dc0    0000005c                   : mpu6050.obj (.text:MPU6050Init)
                  00001e1c    00000054                   : mpu6050.obj (.text:MPU6050DataRead)
                  00001e70    00000050                   : i2cm_drv.obj (.text:I2CMStateWriteFinal)
                  00001ec0    00000050     driverlib.lib : sysctl.obj (.text:SysCtlPeripheralReset)
                  00001f10    0000004c                   : i2c.obj (.text:I2CMasterInitExpClk)
                  00001f5c    0000004c     sensorlib.lib : mpu6050.obj (.text:MPU6050ReadModifyWrite)
                  00001fa8    0000004a                   : i2cm_drv.obj (.text:I2CMStateReadNext)
                  00001ff2    00000002     --HOLE-- [fill = 0]
                  00001ff4    00000048     driverlib.lib : gpio.obj (.text:GPIOPinConfigure)
                  0000203c    00000048     sensorlib.lib : i2cm_drv.obj (.text:I2CMStateWriteNext)
                  00002084    00000044                   : i2cm_drv.obj (.text:I2CMStateCallback)
                  000020c8    00000044     rtsv7M4_T_le_v4SPD16_eabi.lib : autoinit.c.obj (.text:__TI_auto_init_nobinit_nopinit:__TI_auto_init_nobinit_nopinit)
                  0000210c    00000042     sensorlib.lib : i2cm_drv.obj (.text:I2CMStateReadFinal)
                  0000214e    0000003e                   : i2cm_drv.obj (.text:I2CMStateReadPause)
                  0000218c    0000003c     driverlib.lib : ssi.obj (.text:SSIConfigSetExpClk)
                  000021c8    00000038     rtsv7M4_T_le_v4SPD16_eabi.lib : fs_tod_t2.asm.obj (.text)
                  00002200    00000034     sensorlib.lib : i2cm_drv.obj (.text:I2CMInit)
                  00002234    00000034     driverlib.lib : sysctl.obj (.text:SysCtlPeripheralEnable)
                  00002268    00000034     rtsv7M4_T_le_v4SPD16_eabi.lib : boot_cortex_m.c.obj (.text:_c_int00_noargs:_c_int00_noargs)
                  0000229c    0000002a     driverlib.lib : gpio.obj (.text:GPIODirModeSet)
                  000022c6    0000002a     sensorlib.lib : i2cm_drv.obj (.text:I2CMStateReadFirst)
                  000022f0    00000020                   : i2cm_drv.obj (.text:I2CMStateReadOne)
                  00002310    0000001c     rtsv7M4_T_le_v4SPD16_eabi.lib : copy_zero_init.c.obj (.text:decompress:ZI:__TI_zero_init_nomemset:__TI_zero_init_nomemset)
                  0000232c    0000001a     sensorlib.lib : i2cm_drv.obj (.text:I2CMStateReadWait)
                  00002346    00000012     driverlib.lib : gpio.obj (.text:GPIOPinTypeI2C)
                  00002358    00000012                   : gpio.obj (.text:GPIOPinTypeI2CSCL)
                  0000236a    00000012                   : gpio.obj (.text:GPIOPinTypeSSI)
                  0000237c    00000012                   : timer.obj (.text:TimerLoadSet)
                  0000238e    00000010                   : interrupt.obj (.text:IntMasterEnable)
                  0000239e    0000000e                   : timer.obj (.text:TimerEnable)
                  000023ac    0000000e     rtsv7M4_T_le_v4SPD16_eabi.lib : copy_decompress_none.c.obj (.text:decompress:none:__TI_decompress_none)
                  000023ba    0000000c     driverlib.lib : cpu.obj (.text:CPUcpsie)
                  000023c6    00000002     --HOLE-- [fill = 0]
                  000023c8    0000000c                   : interrupt.obj (.text:IntTrigger)
                  000023d4    0000000c     adc_timer_uart_startup_ccs.obj (.text)
                  000023e0    0000000a     driverlib.lib : i2c.obj (.text:I2CMasterEnable)
                  000023ea    0000000a                   : ssi.obj (.text:SSIDataPut)
                  000023f4    0000000a                   : ssi.obj (.text:SSIEnable)
                  000023fe    0000000a                   : uart.obj (.text:UARTIntStatus)
                  00002408    00000008                   : i2c.obj (.text:I2CMasterIntClear)
                  00002410    00000008                   : i2c.obj (.text:I2CMasterIntEnableEx)
                  00002418    00000008                   : i2c.obj (.text:I2CMasterSlaveAddrSet)
                  00002420    00000008                   : ssi.obj (.text:SSIBusy)
                  00002428    00000008                   : timer.obj (.text:TimerIntEnable)
                  00002430    00000008     rtsv7M4_T_le_v4SPD16_eabi.lib : errno.c.obj (.text:__aeabi_errno_addr)
                  00002438    00000006     driverlib.lib : sysctl.obj (.text:SysCtlDelay)
                  0000243e    00000004                   : i2c.obj (.text:I2CMasterControl)
                  00002442    00000004                   : i2c.obj (.text:I2CMasterDataGet)
                  00002446    00000004                   : i2c.obj (.text:I2CMasterDataPut)
                  0000244a    00000004                   : timer.obj (.text:TimerIntClear)
                  0000244e    00000004                   : uart.obj (.text:UARTIntClear)
                  00002452    00000004     rtsv7M4_T_le_v4SPD16_eabi.lib : pre_init.c.obj (.text:_system_pre_init)
                  00002456    00000004                                   : exit.c.obj (.text:abort:abort)

.const     0    00002460    00000224     
                  00002460    00000098     rtsv7M4_T_le_v4SPD16_eabi.lib : s_atan.c.obj (.const:$O1$$)
                  000024f8    00000090     driverlib.lib : gpio.obj (.const:g_pui32GPIOBaseAddrs)
                  00002588    00000070                   : interrupt.obj (.const)
                  000025f8    0000006c                   : sysctl.obj (.const:g_pui32Xtals)
                  00002664    00000020     sensorlib.lib : mpu6050.obj (.const)

.cinit     0    00002688    00000048     
                  00002688    0000001e     (.cinit..data.load) [load image, compression = lzss]
                  000026a6    00000002     --HOLE-- [fill = 0]
                  000026a8    0000000c     (__TI_handler_table)
                  000026b4    00000004     --HOLE-- [fill = 0]
                  000026b8    00000008     (.cinit..bss.load) [load image, compression = zero_init]
                  000026c0    00000010     (__TI_cinit_table)

.init_array 
*          0    00000000    00000000     UNINITIALIZED

.bss       0    20000200    00000189     UNINITIALIZED
                  20000200    00000124     (.common:g_sI2CMSimpleInst)
                  20000324    00000038     (.common:sMPU6050)
                  2000035c    0000000c     (.common:fAccel)
                  20000368    0000000c     (.common:fGyro)
                  20000374    00000004     (.common:ref)
                  20000378    00000004     (.common:sensor)
                  2000037c    00000004     (.common:x)
                  20000380    00000004     (.common:y)
                  20000384    00000004     (.common:z)
                  20000388    00000001     (.common:g_bMPU6050Done)

.data      0    2000038c    00000038     UNINITIALIZED
                  2000038c    00000032     PID.obj (.data)
                  200003be    00000002     --HOLE--
                  200003c0    00000004     rtsv7M4_T_le_v4SPD16_eabi.lib : errno.c.obj (.data)

.stack     0    20000000    00000200     UNINITIALIZED
                  20000000    00000004     rtsv7M4_T_le_v4SPD16_eabi.lib : boot_cortex_m.c.obj (.stack)
                  20000004    000001fc     --HOLE--

__llvm_prf_cnts 
*          0    20000000    00000000     UNINITIALIZED

MODULE SUMMARY

       Module                           code   ro data   rw data
       ------                           ----   -------   -------
    .\
       MPU6050.obj                      640    0         373    
       PID.obj                          636    0         58     
       adc_timer_uart_startup_ccs.obj   12     620       0      
       main.obj                         100    0         12     
    +--+--------------------------------+------+---------+---------+
       Total:                           1388   620       443    
                                                                
    C:/ti/TivaWare_C_Series-2.1.4.178/driverlib/ccs/Debug/driverlib.lib
       sysctl.obj                       654    108       0      
       gpio.obj                         474    144       0      
       interrupt.obj                    336    112       0      
       timer.obj                        140    0         0      
       i2c.obj                          122    0         0      
       ssi.obj                          88     0         0      
       uart.obj                         14     0         0      
       cpu.obj                          12     0         0      
    +--+--------------------------------+------+---------+---------+
       Total:                           1840   364       0      
                                                                
    C:/ti/TivaWare_C_Series-2.1.4.178/sensorlib/ccs/Debug/sensorlib.lib
       i2cm_drv.obj                     1414   0         0      
       mpu6050.obj                      716    32        0      
    +--+--------------------------------+------+---------+---------+
       Total:                           2130   32        0      
                                                                
    C:\ti\ccs1040\ccs\tools\compiler\ti-cgt-arm_20.2.5.LTS\lib\rtsv7M4_T_le_v4SPD16_eabi.lib
       s_atan.c.obj                     748    152       0      
       e_atan2.c.obj                    484    0         0      
       fd_add_t2.asm.obj                438    0         0      
       e_sqrt.c.obj                     344    0         0      
       fd_div_t2.asm.obj                310    0         0      
       fd_mul_t2.asm.obj                252    0         0      
       memcpy_t2.asm.obj                156    0         0      
       fd_cmp_t2.asm.obj                134    0         0      
       fd_tos_t2.asm.obj                110    0         0      
       copy_decompress_lzss.c.obj       104    0         0      
       autoinit.c.obj                   68     0         0      
       fs_tod_t2.asm.obj                56     0         0      
       boot_cortex_m.c.obj              52     0         0      
       copy_zero_init.c.obj             28     0         0      
       copy_decompress_none.c.obj       14     0         0      
       errno.c.obj                      8      0         4      
       exit.c.obj                       4      0         0      
       pre_init.c.obj                   4      0         0      
    +--+--------------------------------+------+---------+---------+
       Total:                           3314   152       4      
                                                                
       Stack:                           0      0         512    
       Linker Generated:                0      66        0      
    +--+--------------------------------+------+---------+---------+
       Grand Total:                     8672   1234      959    


LINKER GENERATED COPY TABLES

__TI_cinit_table @ 000026c0 records: 2, size/record: 8, table size: 16
	.data: load addr=00002688, load size=0000001e bytes, run addr=2000038c, run size=00000038 bytes, compression=lzss
	.bss: load addr=000026b8, load size=00000008 bytes, run addr=20000200, run size=00000189 bytes, compression=zero_init


LINKER GENERATED HANDLER TABLE

__TI_handler_table @ 000026a8 records: 3, size/record: 4, table size: 12
	index: 0, handler: __TI_decompress_lzss
	index: 1, handler: __TI_decompress_none
	index: 2, handler: __TI_zero_init


GLOBAL SYMBOLS: SORTED ALPHABETICALLY BY Name 

address   name                          
-------   ----                          
00002457  C$$EXIT                       
000023bb  CPUcpsie                      
200003a0  Ek                            
200003a8  Ek_1                          
0000229d  GPIODirModeSet                
0000107f  GPIOPadConfigSet              
00001ff5  GPIOPinConfigure              
00002347  GPIOPinTypeI2C                
00002359  GPIOPinTypeI2CSCL             
0000236b  GPIOPinTypeSSI                
000017c9  I2CMCommand                   
00002201  I2CMInit                      
000014b1  I2CMIntHandler                
000018d9  I2CMReadModifyWrite8          
000005c7  I2CMSimpleIntHandler          
0000243f  I2CMasterControl              
00002443  I2CMasterDataGet              
00002447  I2CMasterDataPut              
000023e1  I2CMasterEnable               
00001f11  I2CMasterInitExpClk           
00002409  I2CMasterIntClear             
00002411  I2CMasterIntEnableEx          
00002419  I2CMasterSlaveAddrSet         
00000559  InitI2C0                      
00001aa1  IntDisable                    
00001b09  IntEnable                     
00001bd9  IntIsEnabled                  
0000238f  IntMasterEnable               
000023c9  IntTrigger                    
200003b4  Kd                            
200003b0  Ki                            
200003ac  Kp                            
000005b5  MPU6050Callback               
00001951  MPU6050DataAccelGetFloat      
000019c1  MPU6050DataGyroGetFloat       
00001e1d  MPU6050DataRead               
000005d1  MPU6050INIT                   
00001dc1  MPU6050Init                   
0000065b  MPU6050READDATA               
00001f5d  MPU6050ReadModifyWrite        
0000094d  PID_SETUP                     
000023d5  ResetISR                      
00002421  SSIBusy                       
0000218d  SSIConfigSetExpClk            
000023eb  SSIDataPut                    
000023f5  SSIEnable                     
000009e9  Set_Vary                      
000011b1  SysCtlClockGet                
000013bd  SysCtlClockSet                
00002439  SysCtlDelay                   
00002235  SysCtlPeripheralEnable        
00001ec1  SysCtlPeripheralReset         
00001c3d  Timer0Handler                 
000007d9  Timer0IntHandler              
00001d01  TimerConfigure                
0000239f  TimerEnable                   
0000244b  TimerIntClear                 
00002429  TimerIntEnable                
0000237d  TimerLoadSet                  
00001c49  UART0IntHandler               
0000244f  UARTIntClear                  
000023ff  UARTIntStatus                 
20000200  __STACK_END                   
00000200  __STACK_SIZE                  
20000200  __STACK_TOP                   
000026c0  __TI_CINIT_Base               
000026d0  __TI_CINIT_Limit              
000026a8  __TI_Handler_Table_Base       
000026b4  __TI_Handler_Table_Limit      
000020c9  __TI_auto_init_nobinit_nopinit
00001b71  __TI_decompress_lzss          
000023ad  __TI_decompress_none          
ffffffff  __TI_pprof_out_hndl           
ffffffff  __TI_prof_data_size           
ffffffff  __TI_prof_data_start          
00000000  __TI_static_base__            
00002311  __TI_zero_init_nomemset       
00001851  __aeabi_cdrcmple              
00001a31  __aeabi_d2f                   
00000c43  __aeabi_dadd                  
00000f49  __aeabi_ddiv                  
000012c1  __aeabi_dmul                  
00000c39  __aeabi_dsub                  
00002431  __aeabi_errno_addr            
000021c9  __aeabi_f2d                   
00001695  __aeabi_memcpy                
00001695  __aeabi_memcpy4               
00001695  __aeabi_memcpy8               
ffffffff  __binit__                     
ffffffff  __c_args__                    
UNDEFED   __mpu_init                    
20000000  __stack                       
20000000  __start___llvm_prf_cnts       
20000000  __stop___llvm_prf_cnts        
00002269  _c_int00_noargs               
UNDEFED   _system_post_cinit            
00002453  _system_pre_init              
00002457  abort                         
0000026d  atan                          
00000a55  atan2                         
00000a55  atan2l                        
0000026d  atanl                         
ffffffff  binit                         
2000038e  contador                      
2000038c  dato                          
200003b8  delta                         
2000039c  ed                            
20000398  ek                            
200003a4  ek_1                          
200003c0  errno                         
2000035c  fAccel                        
20000368  fGyro                         
20000388  g_bMPU6050Done                
00000000  g_pfnVectors                  
20000200  g_sI2CMSimpleInst             
00001c5d  main                          
00001695  memcpy                        
20000394  prueba                        
20000374  ref                           
20000324  sMPU6050                      
20000378  sensor                        
00000df1  sqrt                          
00000df1  sqrtl                         
20000390  uk                            
200003bc  uk_int                        
2000037c  x                             
20000380  y                             
20000384  z                             


GLOBAL SYMBOLS: SORTED BY Symbol Address 

address   name                          
-------   ----                          
00000000  __TI_static_base__            
00000000  g_pfnVectors                  
00000200  __STACK_SIZE                  
0000026d  atan                          
0000026d  atanl                         
00000559  InitI2C0                      
000005b5  MPU6050Callback               
000005c7  I2CMSimpleIntHandler          
000005d1  MPU6050INIT                   
0000065b  MPU6050READDATA               
000007d9  Timer0IntHandler              
0000094d  PID_SETUP                     
000009e9  Set_Vary                      
00000a55  atan2                         
00000a55  atan2l                        
00000c39  __aeabi_dsub                  
00000c43  __aeabi_dadd                  
00000df1  sqrt                          
00000df1  sqrtl                         
00000f49  __aeabi_ddiv                  
0000107f  GPIOPadConfigSet              
000011b1  SysCtlClockGet                
000012c1  __aeabi_dmul                  
000013bd  SysCtlClockSet                
000014b1  I2CMIntHandler                
00001695  __aeabi_memcpy                
00001695  __aeabi_memcpy4               
00001695  __aeabi_memcpy8               
00001695  memcpy                        
000017c9  I2CMCommand                   
00001851  __aeabi_cdrcmple              
000018d9  I2CMReadModifyWrite8          
00001951  MPU6050DataAccelGetFloat      
000019c1  MPU6050DataGyroGetFloat       
00001a31  __aeabi_d2f                   
00001aa1  IntDisable                    
00001b09  IntEnable                     
00001b71  __TI_decompress_lzss          
00001bd9  IntIsEnabled                  
00001c3d  Timer0Handler                 
00001c49  UART0IntHandler               
00001c5d  main                          
00001d01  TimerConfigure                
00001dc1  MPU6050Init                   
00001e1d  MPU6050DataRead               
00001ec1  SysCtlPeripheralReset         
00001f11  I2CMasterInitExpClk           
00001f5d  MPU6050ReadModifyWrite        
00001ff5  GPIOPinConfigure              
000020c9  __TI_auto_init_nobinit_nopinit
0000218d  SSIConfigSetExpClk            
000021c9  __aeabi_f2d                   
00002201  I2CMInit                      
00002235  SysCtlPeripheralEnable        
00002269  _c_int00_noargs               
0000229d  GPIODirModeSet                
00002311  __TI_zero_init_nomemset       
00002347  GPIOPinTypeI2C                
00002359  GPIOPinTypeI2CSCL             
0000236b  GPIOPinTypeSSI                
0000237d  TimerLoadSet                  
0000238f  IntMasterEnable               
0000239f  TimerEnable                   
000023ad  __TI_decompress_none          
000023bb  CPUcpsie                      
000023c9  IntTrigger                    
000023d5  ResetISR                      
000023e1  I2CMasterEnable               
000023eb  SSIDataPut                    
000023f5  SSIEnable                     
000023ff  UARTIntStatus                 
00002409  I2CMasterIntClear             
00002411  I2CMasterIntEnableEx          
00002419  I2CMasterSlaveAddrSet         
00002421  SSIBusy                       
00002429  TimerIntEnable                
00002431  __aeabi_errno_addr            
00002439  SysCtlDelay                   
0000243f  I2CMasterControl              
00002443  I2CMasterDataGet              
00002447  I2CMasterDataPut              
0000244b  TimerIntClear                 
0000244f  UARTIntClear                  
00002453  _system_pre_init              
00002457  C$$EXIT                       
00002457  abort                         
000026a8  __TI_Handler_Table_Base       
000026b4  __TI_Handler_Table_Limit      
000026c0  __TI_CINIT_Base               
000026d0  __TI_CINIT_Limit              
20000000  __stack                       
20000000  __start___llvm_prf_cnts       
20000000  __stop___llvm_prf_cnts        
20000200  __STACK_END                   
20000200  __STACK_TOP                   
20000200  g_sI2CMSimpleInst             
20000324  sMPU6050                      
2000035c  fAccel                        
20000368  fGyro                         
20000374  ref                           
20000378  sensor                        
2000037c  x                             
20000380  y                             
20000384  z                             
20000388  g_bMPU6050Done                
2000038c  dato                          
2000038e  contador                      
20000390  uk                            
20000394  prueba                        
20000398  ek                            
2000039c  ed                            
200003a0  Ek                            
200003a4  ek_1                          
200003a8  Ek_1                          
200003ac  Kp                            
200003b0  Ki                            
200003b4  Kd                            
200003b8  delta                         
200003bc  uk_int                        
200003c0  errno                         
ffffffff  __TI_pprof_out_hndl           
ffffffff  __TI_prof_data_size           
ffffffff  __TI_prof_data_start          
ffffffff  __binit__                     
ffffffff  __c_args__                    
ffffffff  binit                         
UNDEFED   __mpu_init                    
UNDEFED   _system_post_cinit            

[128 symbols]
