******************************************************************************
                  TI ARM Linker PC v20.2.5                     
******************************************************************************
>> Linked Fri Mar 18 01:34:37 2022

OUTPUT FILE NAME:   <IMU.out>
ENTRY POINT SYMBOL: "_c_int00_noargs"  address: 00002271


MEMORY CONFIGURATION

         name            origin    length      used     unused   attr    fill
----------------------  --------  ---------  --------  --------  ----  --------
  FLASH                 00000000   00040000  000026c6  0003d93a  R  X
  SRAM                  20000000   00008000  000003c1  00007c3f  RW X


SEGMENT ALLOCATION MAP

run origin  load origin   length   init length attrs members
----------  ----------- ---------- ----------- ----- -------
00000000    00000000    000026d0   000026d0    r-x
  00000000    00000000    0000026c   0000026c    r-- .intvecs
  0000026c    0000026c    000021f6   000021f6    r-x .text
  00002468    00002468    00000224   00000224    r-- .const
  00002690    00002690    00000040   00000040    r-- .cinit
20000000    20000000    000003c4   00000000    rw-
  20000000    20000000    00000200   00000000    rw- .stack
  20000200    20000200    00000189   00000000    rw- .bss
  2000038c    2000038c    00000038   00000000    rw- .data


SECTION ALLOCATION MAP

 output                                  attributes/
section   page    origin      length       input sections
--------  ----  ----------  ----------   ----------------
.intvecs   0    00000000    0000026c     
                  00000000    0000026c     adc_timer_uart_startup_ccs.obj (.intvecs)

.text      0    0000026c    000021f6     
                  0000026c    000002ec     rtsv7M4_T_le_v4SPD16_eabi.lib : s_atan.c.obj (.text:atan)
                  00000558    00000284     PID.obj (.text)
                  000007dc    00000280     MPU6050.obj (.text)
                  00000a5c    000001e4     rtsv7M4_T_le_v4SPD16_eabi.lib : e_atan2.c.obj (.text:atan2)
                  00000c40    000001b6                                   : fd_add_t2.asm.obj (.text)
                  00000df6    00000002     --HOLE-- [fill = 0]
                  00000df8    00000158                                   : e_sqrt.c.obj (.text:sqrt)
                  00000f50    00000136                                   : fd_div_t2.asm.obj (.text)
                  00001086    00000132     driverlib.lib : gpio.obj (.text:GPIOPadConfigSet)
                  000011b8    00000110                   : sysctl.obj (.text:SysCtlClockGet)
                  000012c8    000000fc     rtsv7M4_T_le_v4SPD16_eabi.lib : fd_mul_t2.asm.obj (.text)
                  000013c4    000000f4     driverlib.lib : sysctl.obj (.text:SysCtlClockSet)
                  000014b8    000000f2     sensorlib.lib : i2cm_drv.obj (.text:I2CMIntHandler)
                  000015aa    00000002     --HOLE-- [fill = 0]
                  000015ac    000000f0                   : mpu6050.obj (.text:MPU6050Callback)
                  0000169c    0000009c     rtsv7M4_T_le_v4SPD16_eabi.lib : memcpy_t2.asm.obj (.text)
                  00001738    00000098     sensorlib.lib : i2cm_drv.obj (.text:I2CMStateIdle)
                  000017d0    00000088                   : i2cm_drv.obj (.text:I2CMCommand)
                  00001858    00000086     rtsv7M4_T_le_v4SPD16_eabi.lib : fd_cmp_t2.asm.obj (.text:__aeabi_cdrcmple)
                  000018de    00000002     --HOLE-- [fill = 0]
                  000018e0    00000078     sensorlib.lib : i2cm_drv.obj (.text:I2CMReadModifyWrite8)
                  00001958    00000070                   : mpu6050.obj (.text:MPU6050DataAccelGetFloat)
                  000019c8    00000070                   : mpu6050.obj (.text:MPU6050DataGyroGetFloat)
                  00001a38    0000006e     rtsv7M4_T_le_v4SPD16_eabi.lib : fd_tos_t2.asm.obj (.text)
                  00001aa6    00000002     --HOLE-- [fill = 0]
                  00001aa8    00000068     driverlib.lib : interrupt.obj (.text:IntDisable)
                  00001b10    00000068                   : interrupt.obj (.text:IntEnable)
                  00001b78    00000068     rtsv7M4_T_le_v4SPD16_eabi.lib : copy_decompress_lzss.c.obj (.text:decompress:lzss:__TI_decompress_lzss)
                  00001be0    00000064     driverlib.lib : interrupt.obj (.text:IntIsEnabled)
                  00001c44    00000064     main.obj (.text)
                  00001ca8    00000060     sensorlib.lib : i2cm_drv.obj (.text:I2CMReadModifyWrite8Callback)
                  00001d08    00000060     driverlib.lib : timer.obj (.text:TimerConfigure)
                  00001d68    0000005e     sensorlib.lib : i2cm_drv.obj (.text:I2CMStateWritePause)
                  00001dc6    00000002     --HOLE-- [fill = 0]
                  00001dc8    0000005c                   : mpu6050.obj (.text:MPU6050Init)
                  00001e24    00000054                   : mpu6050.obj (.text:MPU6050DataRead)
                  00001e78    00000050                   : i2cm_drv.obj (.text:I2CMStateWriteFinal)
                  00001ec8    00000050     driverlib.lib : sysctl.obj (.text:SysCtlPeripheralReset)
                  00001f18    0000004c                   : i2c.obj (.text:I2CMasterInitExpClk)
                  00001f64    0000004c     sensorlib.lib : mpu6050.obj (.text:MPU6050ReadModifyWrite)
                  00001fb0    0000004a                   : i2cm_drv.obj (.text:I2CMStateReadNext)
                  00001ffa    00000002     --HOLE-- [fill = 0]
                  00001ffc    00000048     driverlib.lib : gpio.obj (.text:GPIOPinConfigure)
                  00002044    00000048     sensorlib.lib : i2cm_drv.obj (.text:I2CMStateWriteNext)
                  0000208c    00000044                   : i2cm_drv.obj (.text:I2CMStateCallback)
                  000020d0    00000044     rtsv7M4_T_le_v4SPD16_eabi.lib : autoinit.c.obj (.text:__TI_auto_init_nobinit_nopinit:__TI_auto_init_nobinit_nopinit)
                  00002114    00000042     sensorlib.lib : i2cm_drv.obj (.text:I2CMStateReadFinal)
                  00002156    0000003e                   : i2cm_drv.obj (.text:I2CMStateReadPause)
                  00002194    0000003c     driverlib.lib : ssi.obj (.text:SSIConfigSetExpClk)
                  000021d0    00000038     rtsv7M4_T_le_v4SPD16_eabi.lib : fs_tod_t2.asm.obj (.text)
                  00002208    00000034     sensorlib.lib : i2cm_drv.obj (.text:I2CMInit)
                  0000223c    00000034     driverlib.lib : sysctl.obj (.text:SysCtlPeripheralEnable)
                  00002270    00000034     rtsv7M4_T_le_v4SPD16_eabi.lib : boot_cortex_m.c.obj (.text:_c_int00_noargs:_c_int00_noargs)
                  000022a4    0000002a     driverlib.lib : gpio.obj (.text:GPIODirModeSet)
                  000022ce    0000002a     sensorlib.lib : i2cm_drv.obj (.text:I2CMStateReadFirst)
                  000022f8    00000020                   : i2cm_drv.obj (.text:I2CMStateReadOne)
                  00002318    0000001c     rtsv7M4_T_le_v4SPD16_eabi.lib : copy_zero_init.c.obj (.text:decompress:ZI:__TI_zero_init_nomemset:__TI_zero_init_nomemset)
                  00002334    0000001a     sensorlib.lib : i2cm_drv.obj (.text:I2CMStateReadWait)
                  0000234e    00000012     driverlib.lib : gpio.obj (.text:GPIOPinTypeI2C)
                  00002360    00000012                   : gpio.obj (.text:GPIOPinTypeI2CSCL)
                  00002372    00000012                   : gpio.obj (.text:GPIOPinTypeSSI)
                  00002384    00000012                   : timer.obj (.text:TimerLoadSet)
                  00002396    00000010                   : interrupt.obj (.text:IntMasterEnable)
                  000023a6    0000000e                   : timer.obj (.text:TimerEnable)
                  000023b4    0000000e     rtsv7M4_T_le_v4SPD16_eabi.lib : copy_decompress_none.c.obj (.text:decompress:none:__TI_decompress_none)
                  000023c2    0000000c     driverlib.lib : cpu.obj (.text:CPUcpsie)
                  000023ce    00000002     --HOLE-- [fill = 0]
                  000023d0    0000000c                   : interrupt.obj (.text:IntTrigger)
                  000023dc    0000000c     adc_timer_uart_startup_ccs.obj (.text)
                  000023e8    0000000a     driverlib.lib : i2c.obj (.text:I2CMasterEnable)
                  000023f2    0000000a                   : ssi.obj (.text:SSIDataPut)
                  000023fc    0000000a                   : ssi.obj (.text:SSIEnable)
                  00002406    0000000a                   : uart.obj (.text:UARTIntStatus)
                  00002410    00000008                   : i2c.obj (.text:I2CMasterIntClear)
                  00002418    00000008                   : i2c.obj (.text:I2CMasterIntEnableEx)
                  00002420    00000008                   : i2c.obj (.text:I2CMasterSlaveAddrSet)
                  00002428    00000008                   : ssi.obj (.text:SSIBusy)
                  00002430    00000008                   : timer.obj (.text:TimerIntEnable)
                  00002438    00000008     rtsv7M4_T_le_v4SPD16_eabi.lib : errno.c.obj (.text:__aeabi_errno_addr)
                  00002440    00000006     driverlib.lib : sysctl.obj (.text:SysCtlDelay)
                  00002446    00000004                   : i2c.obj (.text:I2CMasterControl)
                  0000244a    00000004                   : i2c.obj (.text:I2CMasterDataGet)
                  0000244e    00000004                   : i2c.obj (.text:I2CMasterDataPut)
                  00002452    00000004                   : timer.obj (.text:TimerIntClear)
                  00002456    00000004                   : uart.obj (.text:UARTIntClear)
                  0000245a    00000004     rtsv7M4_T_le_v4SPD16_eabi.lib : pre_init.c.obj (.text:_system_pre_init)
                  0000245e    00000004                                   : exit.c.obj (.text:abort:abort)

.const     0    00002468    00000224     
                  00002468    00000098     rtsv7M4_T_le_v4SPD16_eabi.lib : s_atan.c.obj (.const:$O1$$)
                  00002500    00000090     driverlib.lib : gpio.obj (.const:g_pui32GPIOBaseAddrs)
                  00002590    00000070                   : interrupt.obj (.const)
                  00002600    0000006c                   : sysctl.obj (.const:g_pui32Xtals)
                  0000266c    00000020     sensorlib.lib : mpu6050.obj (.const)

.cinit     0    00002690    00000040     
                  00002690    00000017     (.cinit..data.load) [load image, compression = lzss]
                  000026a7    00000001     --HOLE-- [fill = 0]
                  000026a8    0000000c     (__TI_handler_table)
                  000026b4    00000004     --HOLE-- [fill = 0]
                  000026b8    00000008     (.cinit..bss.load) [load image, compression = zero_init]
                  000026c0    00000010     (__TI_cinit_table)

.init_array 
*          0    00000000    00000000     UNINITIALIZED

.bss       0    20000200    00000189     UNINITIALIZED
                  20000200    00000124     (.common:g_sI2CMSimpleInst)
                  20000324    00000038     (.common:sMPU6050)
                  2000035c    0000000c     (.common:fAccel)
                  20000368    0000000c     (.common:fGyro)
                  20000374    00000004     (.common:refe)
                  20000378    00000004     (.common:sensor)
                  2000037c    00000004     (.common:x)
                  20000380    00000004     (.common:y)
                  20000384    00000004     (.common:z)
                  20000388    00000001     (.common:g_bMPU6050Done)

.data      0    2000038c    00000038     UNINITIALIZED
                  2000038c    00000032     PID.obj (.data)
                  200003be    00000002     --HOLE--
                  200003c0    00000004     rtsv7M4_T_le_v4SPD16_eabi.lib : errno.c.obj (.data)

.stack     0    20000000    00000200     UNINITIALIZED
                  20000000    00000004     rtsv7M4_T_le_v4SPD16_eabi.lib : boot_cortex_m.c.obj (.stack)
                  20000004    000001fc     --HOLE--

__llvm_prf_cnts 
*          0    20000000    00000000     UNINITIALIZED

MODULE SUMMARY

       Module                           code   ro data   rw data
       ------                           ----   -------   -------
    .\
       MPU6050.obj                      640    0         373    
       PID.obj                          644    0         58     
       adc_timer_uart_startup_ccs.obj   12     620       0      
       main.obj                         100    0         12     
    +--+--------------------------------+------+---------+---------+
       Total:                           1396   620       443    
                                                                
    C:/ti/TivaWare_C_Series-2.1.4.178/driverlib/ccs/Debug/driverlib.lib
       sysctl.obj                       654    108       0      
       gpio.obj                         474    144       0      
       interrupt.obj                    336    112       0      
       timer.obj                        140    0         0      
       i2c.obj                          122    0         0      
       ssi.obj                          88     0         0      
       uart.obj                         14     0         0      
       cpu.obj                          12     0         0      
    +--+--------------------------------+------+---------+---------+
       Total:                           1840   364       0      
                                                                
    C:/ti/TivaWare_C_Series-2.1.4.178/sensorlib/ccs/Debug/sensorlib.lib
       i2cm_drv.obj                     1414   0         0      
       mpu6050.obj                      716    32        0      
    +--+--------------------------------+------+---------+---------+
       Total:                           2130   32        0      
                                                                
    C:\ti\ccs1040\ccs\tools\compiler\ti-cgt-arm_20.2.5.LTS\lib\rtsv7M4_T_le_v4SPD16_eabi.lib
       s_atan.c.obj                     748    152       0      
       e_atan2.c.obj                    484    0         0      
       fd_add_t2.asm.obj                438    0         0      
       e_sqrt.c.obj                     344    0         0      
       fd_div_t2.asm.obj                310    0         0      
       fd_mul_t2.asm.obj                252    0         0      
       memcpy_t2.asm.obj                156    0         0      
       fd_cmp_t2.asm.obj                134    0         0      
       fd_tos_t2.asm.obj                110    0         0      
       copy_decompress_lzss.c.obj       104    0         0      
       autoinit.c.obj                   68     0         0      
       fs_tod_t2.asm.obj                56     0         0      
       boot_cortex_m.c.obj              52     0         0      
       copy_zero_init.c.obj             28     0         0      
       copy_decompress_none.c.obj       14     0         0      
       errno.c.obj                      8      0         4      
       exit.c.obj                       4      0         0      
       pre_init.c.obj                   4      0         0      
    +--+--------------------------------+------+---------+---------+
       Total:                           3314   152       4      
                                                                
       Stack:                           0      0         512    
       Linker Generated:                0      59        0      
    +--+--------------------------------+------+---------+---------+
       Grand Total:                     8680   1227      959    


LINKER GENERATED COPY TABLES

__TI_cinit_table @ 000026c0 records: 2, size/record: 8, table size: 16
	.data: load addr=00002690, load size=00000017 bytes, run addr=2000038c, run size=00000038 bytes, compression=lzss
	.bss: load addr=000026b8, load size=00000008 bytes, run addr=20000200, run size=00000189 bytes, compression=zero_init


LINKER GENERATED HANDLER TABLE

__TI_handler_table @ 000026a8 records: 3, size/record: 4, table size: 12
	index: 0, handler: __TI_decompress_lzss
	index: 1, handler: __TI_decompress_none
	index: 2, handler: __TI_zero_init


GLOBAL SYMBOLS: SORTED ALPHABETICALLY BY Name 

address   name                          
-------   ----                          
0000245f  C$$EXIT                       
000023c3  CPUcpsie                      
200003a0  Ek                            
200003a8  Ek_1                          
000022a5  GPIODirModeSet                
00001087  GPIOPadConfigSet              
00001ffd  GPIOPinConfigure              
0000234f  GPIOPinTypeI2C                
00002361  GPIOPinTypeI2CSCL             
00002373  GPIOPinTypeSSI                
000017d1  I2CMCommand                   
00002209  I2CMInit                      
000014b9  I2CMIntHandler                
000018e1  I2CMReadModifyWrite8          
0000084b  I2CMSimpleIntHandler          
00002447  I2CMasterControl              
0000244b  I2CMasterDataGet              
0000244f  I2CMasterDataPut              
000023e9  I2CMasterEnable               
00001f19  I2CMasterInitExpClk           
00002411  I2CMasterIntClear             
00002419  I2CMasterIntEnableEx          
00002421  I2CMasterSlaveAddrSet         
000007dd  InitI2C0                      
00001aa9  IntDisable                    
00001b11  IntEnable                     
00001be1  IntIsEnabled                  
00002397  IntMasterEnable               
000023d1  IntTrigger                    
200003b4  Kd                            
200003b0  Ki                            
200003ac  Kp                            
00000839  MPU6050Callback               
00001959  MPU6050DataAccelGetFloat      
000019c9  MPU6050DataGyroGetFloat       
00001e25  MPU6050DataRead               
00000855  MPU6050INIT                   
00001dc9  MPU6050Init                   
000008df  MPU6050READDATA               
00001f65  MPU6050ReadModifyWrite        
000006d3  PID_SETUP                     
000023dd  ResetISR                      
00002429  SSIBusy                       
00002195  SSIConfigSetExpClk            
000023f3  SSIDataPut                    
000023fd  SSIEnable                     
0000076f  Set_Vary                      
000011b9  SysCtlClockGet                
000013c5  SysCtlClockSet                
00002441  SysCtlDelay                   
0000223d  SysCtlPeripheralEnable        
00001ec9  SysCtlPeripheralReset         
00001c45  Timer0Handler                 
00000559  Timer0IntHandler              
00001d09  TimerConfigure                
000023a7  TimerEnable                   
00002453  TimerIntClear                 
00002431  TimerIntEnable                
00002385  TimerLoadSet                  
00001c51  UART0IntHandler               
00002457  UARTIntClear                  
00002407  UARTIntStatus                 
20000200  __STACK_END                   
00000200  __STACK_SIZE                  
20000200  __STACK_TOP                   
000026c0  __TI_CINIT_Base               
000026d0  __TI_CINIT_Limit              
000026a8  __TI_Handler_Table_Base       
000026b4  __TI_Handler_Table_Limit      
000020d1  __TI_auto_init_nobinit_nopinit
00001b79  __TI_decompress_lzss          
000023b5  __TI_decompress_none          
ffffffff  __TI_pprof_out_hndl           
ffffffff  __TI_prof_data_size           
ffffffff  __TI_prof_data_start          
00000000  __TI_static_base__            
00002319  __TI_zero_init_nomemset       
00001859  __aeabi_cdrcmple              
00001a39  __aeabi_d2f                   
00000c4b  __aeabi_dadd                  
00000f51  __aeabi_ddiv                  
000012c9  __aeabi_dmul                  
00000c41  __aeabi_dsub                  
00002439  __aeabi_errno_addr            
000021d1  __aeabi_f2d                   
0000169d  __aeabi_memcpy                
0000169d  __aeabi_memcpy4               
0000169d  __aeabi_memcpy8               
ffffffff  __binit__                     
ffffffff  __c_args__                    
UNDEFED   __mpu_init                    
20000000  __stack                       
20000000  __start___llvm_prf_cnts       
20000000  __stop___llvm_prf_cnts        
00002271  _c_int00_noargs               
UNDEFED   _system_post_cinit            
0000245b  _system_pre_init              
0000245f  abort                         
0000026d  atan                          
00000a5d  atan2                         
00000a5d  atan2l                        
0000026d  atanl                         
ffffffff  binit                         
2000038e  contador                      
2000038c  dato                          
200003b8  delta                         
2000039c  ed                            
20000398  ek                            
200003a4  ek_1                          
200003c0  errno                         
2000035c  fAccel                        
20000368  fGyro                         
20000388  g_bMPU6050Done                
00000000  g_pfnVectors                  
20000200  g_sI2CMSimpleInst             
00001c65  main                          
0000169d  memcpy                        
20000394  prueba                        
20000374  refe                          
20000324  sMPU6050                      
20000378  sensor                        
00000df9  sqrt                          
00000df9  sqrtl                         
20000390  uk                            
200003bc  uk_int                        
2000037c  x                             
20000380  y                             
20000384  z                             


GLOBAL SYMBOLS: SORTED BY Symbol Address 

address   name                          
-------   ----                          
00000000  __TI_static_base__            
00000000  g_pfnVectors                  
00000200  __STACK_SIZE                  
0000026d  atan                          
0000026d  atanl                         
00000559  Timer0IntHandler              
000006d3  PID_SETUP                     
0000076f  Set_Vary                      
000007dd  InitI2C0                      
00000839  MPU6050Callback               
0000084b  I2CMSimpleIntHandler          
00000855  MPU6050INIT                   
000008df  MPU6050READDATA               
00000a5d  atan2                         
00000a5d  atan2l                        
00000c41  __aeabi_dsub                  
00000c4b  __aeabi_dadd                  
00000df9  sqrt                          
00000df9  sqrtl                         
00000f51  __aeabi_ddiv                  
00001087  GPIOPadConfigSet              
000011b9  SysCtlClockGet                
000012c9  __aeabi_dmul                  
000013c5  SysCtlClockSet                
000014b9  I2CMIntHandler                
0000169d  __aeabi_memcpy                
0000169d  __aeabi_memcpy4               
0000169d  __aeabi_memcpy8               
0000169d  memcpy                        
000017d1  I2CMCommand                   
00001859  __aeabi_cdrcmple              
000018e1  I2CMReadModifyWrite8          
00001959  MPU6050DataAccelGetFloat      
000019c9  MPU6050DataGyroGetFloat       
00001a39  __aeabi_d2f                   
00001aa9  IntDisable                    
00001b11  IntEnable                     
00001b79  __TI_decompress_lzss          
00001be1  IntIsEnabled                  
00001c45  Timer0Handler                 
00001c51  UART0IntHandler               
00001c65  main                          
00001d09  TimerConfigure                
00001dc9  MPU6050Init                   
00001e25  MPU6050DataRead               
00001ec9  SysCtlPeripheralReset         
00001f19  I2CMasterInitExpClk           
00001f65  MPU6050ReadModifyWrite        
00001ffd  GPIOPinConfigure              
000020d1  __TI_auto_init_nobinit_nopinit
00002195  SSIConfigSetExpClk            
000021d1  __aeabi_f2d                   
00002209  I2CMInit                      
0000223d  SysCtlPeripheralEnable        
00002271  _c_int00_noargs               
000022a5  GPIODirModeSet                
00002319  __TI_zero_init_nomemset       
0000234f  GPIOPinTypeI2C                
00002361  GPIOPinTypeI2CSCL             
00002373  GPIOPinTypeSSI                
00002385  TimerLoadSet                  
00002397  IntMasterEnable               
000023a7  TimerEnable                   
000023b5  __TI_decompress_none          
000023c3  CPUcpsie                      
000023d1  IntTrigger                    
000023dd  ResetISR                      
000023e9  I2CMasterEnable               
000023f3  SSIDataPut                    
000023fd  SSIEnable                     
00002407  UARTIntStatus                 
00002411  I2CMasterIntClear             
00002419  I2CMasterIntEnableEx          
00002421  I2CMasterSlaveAddrSet         
00002429  SSIBusy                       
00002431  TimerIntEnable                
00002439  __aeabi_errno_addr            
00002441  SysCtlDelay                   
00002447  I2CMasterControl              
0000244b  I2CMasterDataGet              
0000244f  I2CMasterDataPut              
00002453  TimerIntClear                 
00002457  UARTIntClear                  
0000245b  _system_pre_init              
0000245f  C$$EXIT                       
0000245f  abort                         
000026a8  __TI_Handler_Table_Base       
000026b4  __TI_Handler_Table_Limit      
000026c0  __TI_CINIT_Base               
000026d0  __TI_CINIT_Limit              
20000000  __stack                       
20000000  __start___llvm_prf_cnts       
20000000  __stop___llvm_prf_cnts        
20000200  __STACK_END                   
20000200  __STACK_TOP                   
20000200  g_sI2CMSimpleInst             
20000324  sMPU6050                      
2000035c  fAccel                        
20000368  fGyro                         
20000374  refe                          
20000378  sensor                        
2000037c  x                             
20000380  y                             
20000384  z                             
20000388  g_bMPU6050Done                
2000038c  dato                          
2000038e  contador                      
20000390  uk                            
20000394  prueba                        
20000398  ek                            
2000039c  ed                            
200003a0  Ek                            
200003a4  ek_1                          
200003a8  Ek_1                          
200003ac  Kp                            
200003b0  Ki                            
200003b4  Kd                            
200003b8  delta                         
200003bc  uk_int                        
200003c0  errno                         
ffffffff  __TI_pprof_out_hndl           
ffffffff  __TI_prof_data_size           
ffffffff  __TI_prof_data_start          
ffffffff  __binit__                     
ffffffff  __c_args__                    
ffffffff  binit                         
UNDEFED   __mpu_init                    
UNDEFED   _system_post_cinit            

[128 symbols]
