******************************************************************************
                  TI ARM Linker PC v20.2.5                     
******************************************************************************
>> Linked Wed Mar 16 23:34:54 2022

OUTPUT FILE NAME:   <IMU.out>
ENTRY POINT SYMBOL: "_c_int00_noargs"  address: 00001f41


MEMORY CONFIGURATION

         name            origin    length      used     unused   attr    fill
----------------------  --------  ---------  --------  --------  ----  --------
  FLASH                 00000000   00040000  00002312  0003dcee  R  X
  SRAM                  20000000   00008000  00000385  00007c7b  RW X


SEGMENT ALLOCATION MAP

run origin  load origin   length   init length attrs members
----------  ----------- ---------- ----------- ----- -------
00000000    00000000    00002318   00002318    r-x
  00000000    00000000    0000026c   0000026c    r-- .intvecs
  0000026c    0000026c    00001e52   00001e52    r-x .text
  000020c0    000020c0    00000224   00000224    r-- .const
  000022e8    000022e8    00000030   00000030    r-- .cinit
20000000    20000000    00000388   00000000    rw-
  20000000    20000000    00000200   00000000    rw- .stack
  20000200    20000200    00000181   00000000    rw- .bss
  20000384    20000384    00000004   00000000    rw- .data


SECTION ALLOCATION MAP

 output                                  attributes/
section   page    origin      length       input sections
--------  ----  ----------  ----------   ----------------
.intvecs   0    00000000    0000026c     
                  00000000    0000026c     adc_timer_uart_startup_ccs.obj (.intvecs)

.text      0    0000026c    00001e52     
                  0000026c    000002ec     rtsv7M4_T_le_v4SPD16_eabi.lib : s_atan.c.obj (.text:atan)
                  00000558    00000280     MPU6050.obj (.text)
                  000007d8    000001e4     rtsv7M4_T_le_v4SPD16_eabi.lib : e_atan2.c.obj (.text:atan2)
                  000009bc    000001b6                                   : fd_add_t2.asm.obj (.text)
                  00000b72    00000002     --HOLE-- [fill = 0]
                  00000b74    00000158                                   : e_sqrt.c.obj (.text:sqrt)
                  00000ccc    00000136                                   : fd_div_t2.asm.obj (.text)
                  00000e02    00000132     driverlib.lib : gpio.obj (.text:GPIOPadConfigSet)
                  00000f34    00000110                   : sysctl.obj (.text:SysCtlClockGet)
                  00001044    000000fc     rtsv7M4_T_le_v4SPD16_eabi.lib : fd_mul_t2.asm.obj (.text)
                  00001140    000000f4     driverlib.lib : sysctl.obj (.text:SysCtlClockSet)
                  00001234    000000f2     sensorlib.lib : i2cm_drv.obj (.text:I2CMIntHandler)
                  00001326    00000002     --HOLE-- [fill = 0]
                  00001328    000000f0                   : mpu6050.obj (.text:MPU6050Callback)
                  00001418    0000009c     rtsv7M4_T_le_v4SPD16_eabi.lib : memcpy_t2.asm.obj (.text)
                  000014b4    00000098     sensorlib.lib : i2cm_drv.obj (.text:I2CMStateIdle)
                  0000154c    00000088                   : i2cm_drv.obj (.text:I2CMCommand)
                  000015d4    00000086     rtsv7M4_T_le_v4SPD16_eabi.lib : fd_cmp_t2.asm.obj (.text:__aeabi_cdrcmple)
                  0000165a    00000002     --HOLE-- [fill = 0]
                  0000165c    00000078     sensorlib.lib : i2cm_drv.obj (.text:I2CMReadModifyWrite8)
                  000016d4    00000070                   : mpu6050.obj (.text:MPU6050DataAccelGetFloat)
                  00001744    00000070                   : mpu6050.obj (.text:MPU6050DataGyroGetFloat)
                  000017b4    0000006e     rtsv7M4_T_le_v4SPD16_eabi.lib : fd_tos_t2.asm.obj (.text)
                  00001822    00000002     --HOLE-- [fill = 0]
                  00001824    00000068     driverlib.lib : interrupt.obj (.text:IntDisable)
                  0000188c    00000068                   : interrupt.obj (.text:IntEnable)
                  000018f4    00000068     rtsv7M4_T_le_v4SPD16_eabi.lib : copy_decompress_lzss.c.obj (.text:decompress:lzss:__TI_decompress_lzss)
                  0000195c    00000064     driverlib.lib : interrupt.obj (.text:IntIsEnabled)
                  000019c0    00000060     sensorlib.lib : i2cm_drv.obj (.text:I2CMReadModifyWrite8Callback)
                  00001a20    0000005e                   : i2cm_drv.obj (.text:I2CMStateWritePause)
                  00001a7e    00000002     --HOLE-- [fill = 0]
                  00001a80    0000005c                   : mpu6050.obj (.text:MPU6050Init)
                  00001adc    00000054                   : mpu6050.obj (.text:MPU6050DataRead)
                  00001b30    00000054     main.obj (.text)
                  00001b84    00000050     sensorlib.lib : i2cm_drv.obj (.text:I2CMStateWriteFinal)
                  00001bd4    00000050     driverlib.lib : sysctl.obj (.text:SysCtlPeripheralReset)
                  00001c24    0000004c                   : i2c.obj (.text:I2CMasterInitExpClk)
                  00001c70    0000004c     sensorlib.lib : mpu6050.obj (.text:MPU6050ReadModifyWrite)
                  00001cbc    0000004a                   : i2cm_drv.obj (.text:I2CMStateReadNext)
                  00001d06    00000002     --HOLE-- [fill = 0]
                  00001d08    00000048     driverlib.lib : gpio.obj (.text:GPIOPinConfigure)
                  00001d50    00000048     sensorlib.lib : i2cm_drv.obj (.text:I2CMStateWriteNext)
                  00001d98    00000044                   : i2cm_drv.obj (.text:I2CMStateCallback)
                  00001ddc    00000044     rtsv7M4_T_le_v4SPD16_eabi.lib : autoinit.c.obj (.text:__TI_auto_init_nobinit_nopinit:__TI_auto_init_nobinit_nopinit)
                  00001e20    00000042     sensorlib.lib : i2cm_drv.obj (.text:I2CMStateReadFinal)
                  00001e62    0000003e                   : i2cm_drv.obj (.text:I2CMStateReadPause)
                  00001ea0    00000038     rtsv7M4_T_le_v4SPD16_eabi.lib : fs_tod_t2.asm.obj (.text)
                  00001ed8    00000034     sensorlib.lib : i2cm_drv.obj (.text:I2CMInit)
                  00001f0c    00000034     driverlib.lib : sysctl.obj (.text:SysCtlPeripheralEnable)
                  00001f40    00000034     rtsv7M4_T_le_v4SPD16_eabi.lib : boot_cortex_m.c.obj (.text:_c_int00_noargs:_c_int00_noargs)
                  00001f74    0000002a     driverlib.lib : gpio.obj (.text:GPIODirModeSet)
                  00001f9e    0000002a     sensorlib.lib : i2cm_drv.obj (.text:I2CMStateReadFirst)
                  00001fc8    00000020                   : i2cm_drv.obj (.text:I2CMStateReadOne)
                  00001fe8    0000001c     rtsv7M4_T_le_v4SPD16_eabi.lib : copy_zero_init.c.obj (.text:decompress:ZI:__TI_zero_init_nomemset:__TI_zero_init_nomemset)
                  00002004    0000001a     sensorlib.lib : i2cm_drv.obj (.text:I2CMStateReadWait)
                  0000201e    00000012     driverlib.lib : gpio.obj (.text:GPIOPinTypeI2C)
                  00002030    00000012                   : gpio.obj (.text:GPIOPinTypeI2CSCL)
                  00002042    0000000e     rtsv7M4_T_le_v4SPD16_eabi.lib : copy_decompress_none.c.obj (.text:decompress:none:__TI_decompress_none)
                  00002050    0000000c     driverlib.lib : interrupt.obj (.text:IntTrigger)
                  0000205c    0000000c     adc_timer_uart_startup_ccs.obj (.text)
                  00002068    0000000a     driverlib.lib : i2c.obj (.text:I2CMasterEnable)
                  00002072    0000000a                   : uart.obj (.text:UARTIntStatus)
                  0000207c    00000008                   : i2c.obj (.text:I2CMasterIntClear)
                  00002084    00000008                   : i2c.obj (.text:I2CMasterIntEnableEx)
                  0000208c    00000008                   : i2c.obj (.text:I2CMasterSlaveAddrSet)
                  00002094    00000008     rtsv7M4_T_le_v4SPD16_eabi.lib : errno.c.obj (.text:__aeabi_errno_addr)
                  0000209c    00000006     driverlib.lib : sysctl.obj (.text:SysCtlDelay)
                  000020a2    00000004                   : i2c.obj (.text:I2CMasterControl)
                  000020a6    00000004                   : i2c.obj (.text:I2CMasterDataGet)
                  000020aa    00000004                   : i2c.obj (.text:I2CMasterDataPut)
                  000020ae    00000004                   : timer.obj (.text:TimerIntClear)
                  000020b2    00000004                   : uart.obj (.text:UARTIntClear)
                  000020b6    00000004     rtsv7M4_T_le_v4SPD16_eabi.lib : pre_init.c.obj (.text:_system_pre_init)
                  000020ba    00000004                                   : exit.c.obj (.text:abort:abort)

.const     0    000020c0    00000224     
                  000020c0    00000098     rtsv7M4_T_le_v4SPD16_eabi.lib : s_atan.c.obj (.const:$O1$$)
                  00002158    00000090     driverlib.lib : gpio.obj (.const:g_pui32GPIOBaseAddrs)
                  000021e8    00000070                   : interrupt.obj (.const)
                  00002258    0000006c                   : sysctl.obj (.const:g_pui32Xtals)
                  000022c4    00000020     sensorlib.lib : mpu6050.obj (.const)

.cinit     0    000022e8    00000030     
                  000022e8    0000000c     (__TI_handler_table)
                  000022f4    00000004     --HOLE-- [fill = 0]
                  000022f8    00000008     (.cinit..bss.load) [load image, compression = zero_init]
                  00002300    00000007     (.cinit..data.load) [load image, compression = lzss]
                  00002307    00000001     --HOLE-- [fill = 0]
                  00002308    00000010     (__TI_cinit_table)

.init_array 
*          0    00000000    00000000     UNINITIALIZED

.bss       0    20000200    00000181     UNINITIALIZED
                  20000200    00000124     (.common:g_sI2CMSimpleInst)
                  20000324    00000038     (.common:sMPU6050)
                  2000035c    0000000c     (.common:fAccel)
                  20000368    0000000c     (.common:fGyro)
                  20000374    00000004     (.common:x)
                  20000378    00000004     (.common:y)
                  2000037c    00000004     (.common:z)
                  20000380    00000001     (.common:g_bMPU6050Done)

.data      0    20000384    00000004     UNINITIALIZED
                  20000384    00000004     rtsv7M4_T_le_v4SPD16_eabi.lib : errno.c.obj (.data)

.stack     0    20000000    00000200     UNINITIALIZED
                  20000000    00000004     rtsv7M4_T_le_v4SPD16_eabi.lib : boot_cortex_m.c.obj (.stack)
                  20000004    000001fc     --HOLE--

__llvm_prf_cnts 
*          0    20000000    00000000     UNINITIALIZED

MODULE SUMMARY

       Module                           code   ro data   rw data
       ------                           ----   -------   -------
    .\
       MPU6050.obj                      640    0         373    
       adc_timer_uart_startup_ccs.obj   12     620       0      
       main.obj                         84     0         12     
    +--+--------------------------------+------+---------+---------+
       Total:                           736    620       385    
                                                                
    C:/ti/TivaWare_C_Series-2.1.4.178/driverlib/ccs/Debug/driverlib.lib
       sysctl.obj                       654    108       0      
       gpio.obj                         456    144       0      
       interrupt.obj                    320    112       0      
       i2c.obj                          122    0         0      
       uart.obj                         14     0         0      
       timer.obj                        4      0         0      
    +--+--------------------------------+------+---------+---------+
       Total:                           1570   364       0      
                                                                
    C:/ti/TivaWare_C_Series-2.1.4.178/sensorlib/ccs/Debug/sensorlib.lib
       i2cm_drv.obj                     1414   0         0      
       mpu6050.obj                      716    32        0      
    +--+--------------------------------+------+---------+---------+
       Total:                           2130   32        0      
                                                                
    C:\ti\ccs1040\ccs\tools\compiler\ti-cgt-arm_20.2.5.LTS\lib\rtsv7M4_T_le_v4SPD16_eabi.lib
       s_atan.c.obj                     748    152       0      
       e_atan2.c.obj                    484    0         0      
       fd_add_t2.asm.obj                438    0         0      
       e_sqrt.c.obj                     344    0         0      
       fd_div_t2.asm.obj                310    0         0      
       fd_mul_t2.asm.obj                252    0         0      
       memcpy_t2.asm.obj                156    0         0      
       fd_cmp_t2.asm.obj                134    0         0      
       fd_tos_t2.asm.obj                110    0         0      
       copy_decompress_lzss.c.obj       104    0         0      
       autoinit.c.obj                   68     0         0      
       fs_tod_t2.asm.obj                56     0         0      
       boot_cortex_m.c.obj              52     0         0      
       copy_zero_init.c.obj             28     0         0      
       copy_decompress_none.c.obj       14     0         0      
       errno.c.obj                      8      0         4      
       exit.c.obj                       4      0         0      
       pre_init.c.obj                   4      0         0      
    +--+--------------------------------+------+---------+---------+
       Total:                           3314   152       4      
                                                                
       Stack:                           0      0         512    
       Linker Generated:                0      43        0      
    +--+--------------------------------+------+---------+---------+
       Grand Total:                     7750   1211      901    


LINKER GENERATED COPY TABLES

__TI_cinit_table @ 00002308 records: 2, size/record: 8, table size: 16
	.bss: load addr=000022f8, load size=00000008 bytes, run addr=20000200, run size=00000181 bytes, compression=zero_init
	.data: load addr=00002300, load size=00000007 bytes, run addr=20000384, run size=00000004 bytes, compression=lzss


LINKER GENERATED HANDLER TABLE

__TI_handler_table @ 000022e8 records: 3, size/record: 4, table size: 12
	index: 0, handler: __TI_decompress_lzss
	index: 1, handler: __TI_decompress_none
	index: 2, handler: __TI_zero_init


GLOBAL SYMBOLS: SORTED ALPHABETICALLY BY Name 

address   name                          
-------   ----                          
000020bb  C$$EXIT                       
00001f75  GPIODirModeSet                
00000e03  GPIOPadConfigSet              
00001d09  GPIOPinConfigure              
0000201f  GPIOPinTypeI2C                
00002031  GPIOPinTypeI2CSCL             
0000154d  I2CMCommand                   
00001ed9  I2CMInit                      
00001235  I2CMIntHandler                
0000165d  I2CMReadModifyWrite8          
000005c7  I2CMSimpleIntHandler          
000020a3  I2CMasterControl              
000020a7  I2CMasterDataGet              
000020ab  I2CMasterDataPut              
00002069  I2CMasterEnable               
00001c25  I2CMasterInitExpClk           
0000207d  I2CMasterIntClear             
00002085  I2CMasterIntEnableEx          
0000208d  I2CMasterSlaveAddrSet         
00000559  InitI2C0                      
00001825  IntDisable                    
0000188d  IntEnable                     
0000195d  IntIsEnabled                  
00002051  IntTrigger                    
000005b5  MPU6050Callback               
000016d5  MPU6050DataAccelGetFloat      
00001745  MPU6050DataGyroGetFloat       
00001add  MPU6050DataRead               
000005d1  MPU6050INIT                   
00001a81  MPU6050Init                   
0000065b  MPU6050READDATA               
00001c71  MPU6050ReadModifyWrite        
0000205d  ResetISR                      
00000f35  SysCtlClockGet                
00001141  SysCtlClockSet                
0000209d  SysCtlDelay                   
00001f0d  SysCtlPeripheralEnable        
00001bd5  SysCtlPeripheralReset         
00001b31  Timer0Handler                 
000020af  TimerIntClear                 
00001b3d  UART0IntHandler               
000020b3  UARTIntClear                  
00002073  UARTIntStatus                 
20000200  __STACK_END                   
00000200  __STACK_SIZE                  
20000200  __STACK_TOP                   
00002308  __TI_CINIT_Base               
00002318  __TI_CINIT_Limit              
000022e8  __TI_Handler_Table_Base       
000022f4  __TI_Handler_Table_Limit      
00001ddd  __TI_auto_init_nobinit_nopinit
000018f5  __TI_decompress_lzss          
00002043  __TI_decompress_none          
ffffffff  __TI_pprof_out_hndl           
ffffffff  __TI_prof_data_size           
ffffffff  __TI_prof_data_start          
00000000  __TI_static_base__            
00001fe9  __TI_zero_init_nomemset       
000015d5  __aeabi_cdrcmple              
000017b5  __aeabi_d2f                   
000009c7  __aeabi_dadd                  
00000ccd  __aeabi_ddiv                  
00001045  __aeabi_dmul                  
000009bd  __aeabi_dsub                  
00002095  __aeabi_errno_addr            
00001ea1  __aeabi_f2d                   
00001419  __aeabi_memcpy                
00001419  __aeabi_memcpy4               
00001419  __aeabi_memcpy8               
ffffffff  __binit__                     
ffffffff  __c_args__                    
UNDEFED   __mpu_init                    
20000000  __stack                       
20000000  __start___llvm_prf_cnts       
20000000  __stop___llvm_prf_cnts        
00001f41  _c_int00_noargs               
UNDEFED   _system_post_cinit            
000020b7  _system_pre_init              
000020bb  abort                         
0000026d  atan                          
000007d9  atan2                         
000007d9  atan2l                        
0000026d  atanl                         
ffffffff  binit                         
20000384  errno                         
2000035c  fAccel                        
20000368  fGyro                         
20000380  g_bMPU6050Done                
00000000  g_pfnVectors                  
20000200  g_sI2CMSimpleInst             
00001b51  main                          
00001419  memcpy                        
20000324  sMPU6050                      
00000b75  sqrt                          
00000b75  sqrtl                         
20000374  x                             
20000378  y                             
2000037c  z                             


GLOBAL SYMBOLS: SORTED BY Symbol Address 

address   name                          
-------   ----                          
00000000  __TI_static_base__            
00000000  g_pfnVectors                  
00000200  __STACK_SIZE                  
0000026d  atan                          
0000026d  atanl                         
00000559  InitI2C0                      
000005b5  MPU6050Callback               
000005c7  I2CMSimpleIntHandler          
000005d1  MPU6050INIT                   
0000065b  MPU6050READDATA               
000007d9  atan2                         
000007d9  atan2l                        
000009bd  __aeabi_dsub                  
000009c7  __aeabi_dadd                  
00000b75  sqrt                          
00000b75  sqrtl                         
00000ccd  __aeabi_ddiv                  
00000e03  GPIOPadConfigSet              
00000f35  SysCtlClockGet                
00001045  __aeabi_dmul                  
00001141  SysCtlClockSet                
00001235  I2CMIntHandler                
00001419  __aeabi_memcpy                
00001419  __aeabi_memcpy4               
00001419  __aeabi_memcpy8               
00001419  memcpy                        
0000154d  I2CMCommand                   
000015d5  __aeabi_cdrcmple              
0000165d  I2CMReadModifyWrite8          
000016d5  MPU6050DataAccelGetFloat      
00001745  MPU6050DataGyroGetFloat       
000017b5  __aeabi_d2f                   
00001825  IntDisable                    
0000188d  IntEnable                     
000018f5  __TI_decompress_lzss          
0000195d  IntIsEnabled                  
00001a81  MPU6050Init                   
00001add  MPU6050DataRead               
00001b31  Timer0Handler                 
00001b3d  UART0IntHandler               
00001b51  main                          
00001bd5  SysCtlPeripheralReset         
00001c25  I2CMasterInitExpClk           
00001c71  MPU6050ReadModifyWrite        
00001d09  GPIOPinConfigure              
00001ddd  __TI_auto_init_nobinit_nopinit
00001ea1  __aeabi_f2d                   
00001ed9  I2CMInit                      
00001f0d  SysCtlPeripheralEnable        
00001f41  _c_int00_noargs               
00001f75  GPIODirModeSet                
00001fe9  __TI_zero_init_nomemset       
0000201f  GPIOPinTypeI2C                
00002031  GPIOPinTypeI2CSCL             
00002043  __TI_decompress_none          
00002051  IntTrigger                    
0000205d  ResetISR                      
00002069  I2CMasterEnable               
00002073  UARTIntStatus                 
0000207d  I2CMasterIntClear             
00002085  I2CMasterIntEnableEx          
0000208d  I2CMasterSlaveAddrSet         
00002095  __aeabi_errno_addr            
0000209d  SysCtlDelay                   
000020a3  I2CMasterControl              
000020a7  I2CMasterDataGet              
000020ab  I2CMasterDataPut              
000020af  TimerIntClear                 
000020b3  UARTIntClear                  
000020b7  _system_pre_init              
000020bb  C$$EXIT                       
000020bb  abort                         
000022e8  __TI_Handler_Table_Base       
000022f4  __TI_Handler_Table_Limit      
00002308  __TI_CINIT_Base               
00002318  __TI_CINIT_Limit              
20000000  __stack                       
20000000  __start___llvm_prf_cnts       
20000000  __stop___llvm_prf_cnts        
20000200  __STACK_END                   
20000200  __STACK_TOP                   
20000200  g_sI2CMSimpleInst             
20000324  sMPU6050                      
2000035c  fAccel                        
20000368  fGyro                         
20000374  x                             
20000378  y                             
2000037c  z                             
20000380  g_bMPU6050Done                
20000384  errno                         
ffffffff  __TI_pprof_out_hndl           
ffffffff  __TI_prof_data_size           
ffffffff  __TI_prof_data_start          
ffffffff  __binit__                     
ffffffff  __c_args__                    
ffffffff  binit                         
UNDEFED   __mpu_init                    
UNDEFED   _system_post_cinit            

[98 symbols]
