<?xml version="1.0" encoding="ISO-8859-1" ?>
<link_info>
   <banner>TI ARM Linker PC v20.2.5.LTS</banner>
   <copyright>Copyright (c) 1996-2018 Texas Instruments Incorporated</copyright>
   <link_time>0x6234360d</link_time>
   <link_errors>0x0</link_errors>
   <output_file>IMU.out</output_file>
   <entry_point>
      <name>_c_int00_noargs</name>
      <address>0x2271</address>
   </entry_point>
   <input_file_list>
      <input_file id="fl-2">
         <path>.\</path>
         <kind>object</kind>
         <file>MPU6050.obj</file>
         <name>MPU6050.obj</name>
      </input_file>
      <input_file id="fl-3">
         <path>.\</path>
         <kind>object</kind>
         <file>PID.obj</file>
         <name>PID.obj</name>
      </input_file>
      <input_file id="fl-4">
         <path>.\</path>
         <kind>object</kind>
         <file>adc_timer_uart_startup_ccs.obj</file>
         <name>adc_timer_uart_startup_ccs.obj</name>
      </input_file>
      <input_file id="fl-5">
         <path>.\</path>
         <kind>object</kind>
         <file>main.obj</file>
         <name>main.obj</name>
      </input_file>
      <input_file id="fl-6">
         <path>.\</path>
         <kind>object</kind>
         <file>uartstdio.obj</file>
         <name>uartstdio.obj</name>
      </input_file>
      <input_file id="fl-c">
         <kind>object</kind>
         <file>&lt;internal&gt;</file>
         <name>&lt;internal&gt;</name>
      </input_file>
      <input_file id="fl-d">
         <path>C:\ti\TivaWare_C_Series-2.1.4.178\driverlib\ccs\Debug\</path>
         <kind>archive</kind>
         <file>driverlib.lib</file>
         <name>gpio.obj</name>
      </input_file>
      <input_file id="fl-e">
         <path>C:\ti\TivaWare_C_Series-2.1.4.178\driverlib\ccs\Debug\</path>
         <kind>archive</kind>
         <file>driverlib.lib</file>
         <name>i2c.obj</name>
      </input_file>
      <input_file id="fl-f">
         <path>C:\ti\TivaWare_C_Series-2.1.4.178\driverlib\ccs\Debug\</path>
         <kind>archive</kind>
         <file>driverlib.lib</file>
         <name>interrupt.obj</name>
      </input_file>
      <input_file id="fl-10">
         <path>C:\ti\TivaWare_C_Series-2.1.4.178\driverlib\ccs\Debug\</path>
         <kind>archive</kind>
         <file>driverlib.lib</file>
         <name>ssi.obj</name>
      </input_file>
      <input_file id="fl-11">
         <path>C:\ti\TivaWare_C_Series-2.1.4.178\driverlib\ccs\Debug\</path>
         <kind>archive</kind>
         <file>driverlib.lib</file>
         <name>sysctl.obj</name>
      </input_file>
      <input_file id="fl-12">
         <path>C:\ti\TivaWare_C_Series-2.1.4.178\driverlib\ccs\Debug\</path>
         <kind>archive</kind>
         <file>driverlib.lib</file>
         <name>timer.obj</name>
      </input_file>
      <input_file id="fl-13">
         <path>C:\ti\TivaWare_C_Series-2.1.4.178\driverlib\ccs\Debug\</path>
         <kind>archive</kind>
         <file>driverlib.lib</file>
         <name>uart.obj</name>
      </input_file>
      <input_file id="fl-14">
         <path>C:\ti\TivaWare_C_Series-2.1.4.178\driverlib\ccs\Debug\</path>
         <kind>archive</kind>
         <file>driverlib.lib</file>
         <name>cpu.obj</name>
      </input_file>
      <input_file id="fl-15">
         <path>C:\ti\TivaWare_C_Series-2.1.4.178\sensorlib\ccs\Debug\</path>
         <kind>archive</kind>
         <file>sensorlib.lib</file>
         <name>i2cm_drv.obj</name>
      </input_file>
      <input_file id="fl-16">
         <path>C:\ti\TivaWare_C_Series-2.1.4.178\sensorlib\ccs\Debug\</path>
         <kind>archive</kind>
         <file>sensorlib.lib</file>
         <name>mpu6050.obj</name>
      </input_file>
      <input_file id="fl-cc">
         <path>C:\ti\ccs1040\ccs\tools\compiler\ti-cgt-arm_20.2.5.LTS\lib\</path>
         <kind>archive</kind>
         <file>rtsv7M4_T_le_v4SPD16_eabi.lib</file>
         <name>e_atan2.c.obj</name>
      </input_file>
      <input_file id="fl-cd">
         <path>C:\ti\ccs1040\ccs\tools\compiler\ti-cgt-arm_20.2.5.LTS\lib\</path>
         <kind>archive</kind>
         <file>rtsv7M4_T_le_v4SPD16_eabi.lib</file>
         <name>e_sqrt.c.obj</name>
      </input_file>
      <input_file id="fl-ce">
         <path>C:\ti\ccs1040\ccs\tools\compiler\ti-cgt-arm_20.2.5.LTS\lib\</path>
         <kind>archive</kind>
         <file>rtsv7M4_T_le_v4SPD16_eabi.lib</file>
         <name>s_atan.c.obj</name>
      </input_file>
      <input_file id="fl-cf">
         <path>C:\ti\ccs1040\ccs\tools\compiler\ti-cgt-arm_20.2.5.LTS\lib\</path>
         <kind>archive</kind>
         <file>rtsv7M4_T_le_v4SPD16_eabi.lib</file>
         <name>fd_add_t2.asm.obj</name>
      </input_file>
      <input_file id="fl-d0">
         <path>C:\ti\ccs1040\ccs\tools\compiler\ti-cgt-arm_20.2.5.LTS\lib\</path>
         <kind>archive</kind>
         <file>rtsv7M4_T_le_v4SPD16_eabi.lib</file>
         <name>fd_cmp_t2.asm.obj</name>
      </input_file>
      <input_file id="fl-d1">
         <path>C:\ti\ccs1040\ccs\tools\compiler\ti-cgt-arm_20.2.5.LTS\lib\</path>
         <kind>archive</kind>
         <file>rtsv7M4_T_le_v4SPD16_eabi.lib</file>
         <name>fd_div_t2.asm.obj</name>
      </input_file>
      <input_file id="fl-d2">
         <path>C:\ti\ccs1040\ccs\tools\compiler\ti-cgt-arm_20.2.5.LTS\lib\</path>
         <kind>archive</kind>
         <file>rtsv7M4_T_le_v4SPD16_eabi.lib</file>
         <name>fd_mul_t2.asm.obj</name>
      </input_file>
      <input_file id="fl-d3">
         <path>C:\ti\ccs1040\ccs\tools\compiler\ti-cgt-arm_20.2.5.LTS\lib\</path>
         <kind>archive</kind>
         <file>rtsv7M4_T_le_v4SPD16_eabi.lib</file>
         <name>fd_tos_t2.asm.obj</name>
      </input_file>
      <input_file id="fl-d4">
         <path>C:\ti\ccs1040\ccs\tools\compiler\ti-cgt-arm_20.2.5.LTS\lib\</path>
         <kind>archive</kind>
         <file>rtsv7M4_T_le_v4SPD16_eabi.lib</file>
         <name>fs_tod_t2.asm.obj</name>
      </input_file>
      <input_file id="fl-d5">
         <path>C:\ti\ccs1040\ccs\tools\compiler\ti-cgt-arm_20.2.5.LTS\lib\</path>
         <kind>archive</kind>
         <file>rtsv7M4_T_le_v4SPD16_eabi.lib</file>
         <name>u_divt2.asm.obj</name>
      </input_file>
      <input_file id="fl-d6">
         <path>C:\ti\ccs1040\ccs\tools\compiler\ti-cgt-arm_20.2.5.LTS\lib\</path>
         <kind>archive</kind>
         <file>rtsv7M4_T_le_v4SPD16_eabi.lib</file>
         <name>copy_zero_init.c.obj</name>
      </input_file>
      <input_file id="fl-d7">
         <path>C:\ti\ccs1040\ccs\tools\compiler\ti-cgt-arm_20.2.5.LTS\lib\</path>
         <kind>archive</kind>
         <file>rtsv7M4_T_le_v4SPD16_eabi.lib</file>
         <name>copy_decompress_none.c.obj</name>
      </input_file>
      <input_file id="fl-d8">
         <path>C:\ti\ccs1040\ccs\tools\compiler\ti-cgt-arm_20.2.5.LTS\lib\</path>
         <kind>archive</kind>
         <file>rtsv7M4_T_le_v4SPD16_eabi.lib</file>
         <name>copy_decompress_lzss.c.obj</name>
      </input_file>
      <input_file id="fl-d9">
         <path>C:\ti\ccs1040\ccs\tools\compiler\ti-cgt-arm_20.2.5.LTS\lib\</path>
         <kind>archive</kind>
         <file>rtsv7M4_T_le_v4SPD16_eabi.lib</file>
         <name>errno.c.obj</name>
      </input_file>
      <input_file id="fl-da">
         <path>C:\ti\ccs1040\ccs\tools\compiler\ti-cgt-arm_20.2.5.LTS\lib\</path>
         <kind>archive</kind>
         <file>rtsv7M4_T_le_v4SPD16_eabi.lib</file>
         <name>boot_cortex_m.c.obj</name>
      </input_file>
      <input_file id="fl-db">
         <path>C:\ti\ccs1040\ccs\tools\compiler\ti-cgt-arm_20.2.5.LTS\lib\</path>
         <kind>archive</kind>
         <file>rtsv7M4_T_le_v4SPD16_eabi.lib</file>
         <name>div0.asm.obj</name>
      </input_file>
      <input_file id="fl-dc">
         <path>C:\ti\ccs1040\ccs\tools\compiler\ti-cgt-arm_20.2.5.LTS\lib\</path>
         <kind>archive</kind>
         <file>rtsv7M4_T_le_v4SPD16_eabi.lib</file>
         <name>memcpy_t2.asm.obj</name>
      </input_file>
      <input_file id="fl-dd">
         <path>C:\ti\ccs1040\ccs\tools\compiler\ti-cgt-arm_20.2.5.LTS\lib\</path>
         <kind>archive</kind>
         <file>rtsv7M4_T_le_v4SPD16_eabi.lib</file>
         <name>memset_t2.asm.obj</name>
      </input_file>
      <input_file id="fl-de">
         <path>C:\ti\ccs1040\ccs\tools\compiler\ti-cgt-arm_20.2.5.LTS\lib\</path>
         <kind>archive</kind>
         <file>rtsv7M4_T_le_v4SPD16_eabi.lib</file>
         <name>autoinit.c.obj</name>
      </input_file>
      <input_file id="fl-df">
         <path>C:\ti\ccs1040\ccs\tools\compiler\ti-cgt-arm_20.2.5.LTS\lib\</path>
         <kind>archive</kind>
         <file>rtsv7M4_T_le_v4SPD16_eabi.lib</file>
         <name>pre_init.c.obj</name>
      </input_file>
      <input_file id="fl-e0">
         <path>C:\ti\ccs1040\ccs\tools\compiler\ti-cgt-arm_20.2.5.LTS\lib\</path>
         <kind>archive</kind>
         <file>rtsv7M4_T_le_v4SPD16_eabi.lib</file>
         <name>cpy_tbl.c.obj</name>
      </input_file>
      <input_file id="fl-e1">
         <path>C:\ti\ccs1040\ccs\tools\compiler\ti-cgt-arm_20.2.5.LTS\lib\</path>
         <kind>archive</kind>
         <file>rtsv7M4_T_le_v4SPD16_eabi.lib</file>
         <name>exit.c.obj</name>
      </input_file>
      <input_file id="fl-e2">
         <path>C:\ti\ccs1040\ccs\tools\compiler\ti-cgt-arm_20.2.5.LTS\lib\</path>
         <kind>archive</kind>
         <file>rtsv7M4_T_le_v4SPD16_eabi.lib</file>
         <name>_lock.c.obj</name>
      </input_file>
      <input_file id="fl-e3">
         <path>C:\ti\ccs1040\ccs\tools\compiler\ti-cgt-arm_20.2.5.LTS\lib\</path>
         <kind>archive</kind>
         <file>rtsv7M4_T_le_v4SPD16_eabi.lib</file>
         <name>args_main.c.obj</name>
      </input_file>
   </input_file_list>
   <object_component_list>
      <object_component id="oc-12">
         <name>.intvecs</name>
         <load_address>0x0</load_address>
         <run_address>0x0</run_address>
         <size>0x26c</size>
         <input_file_ref idref="fl-4"/>
      </object_component>
      <object_component id="oc-266">
         <name>.text:atan</name>
         <load_address>0x26c</load_address>
         <run_address>0x26c</run_address>
         <size>0x2ec</size>
         <input_file_ref idref="fl-ce"/>
      </object_component>
      <object_component id="oc-39">
         <name>.text</name>
         <load_address>0x558</load_address>
         <run_address>0x558</run_address>
         <size>0x284</size>
         <input_file_ref idref="fl-3"/>
      </object_component>
      <object_component id="oc-33">
         <name>.text</name>
         <load_address>0x7dc</load_address>
         <run_address>0x7dc</run_address>
         <size>0x280</size>
         <input_file_ref idref="fl-2"/>
      </object_component>
      <object_component id="oc-102">
         <name>.text:atan2</name>
         <load_address>0xa5c</load_address>
         <run_address>0xa5c</run_address>
         <size>0x1e4</size>
         <input_file_ref idref="fl-cc"/>
      </object_component>
      <object_component id="oc-254">
         <name>.text</name>
         <load_address>0xc40</load_address>
         <run_address>0xc40</run_address>
         <size>0x1b6</size>
         <input_file_ref idref="fl-cf"/>
      </object_component>
      <object_component id="oc-fc">
         <name>.text:sqrt</name>
         <load_address>0xdf8</load_address>
         <run_address>0xdf8</run_address>
         <size>0x158</size>
         <input_file_ref idref="fl-cd"/>
      </object_component>
      <object_component id="oc-10d">
         <name>.text</name>
         <load_address>0xf50</load_address>
         <run_address>0xf50</run_address>
         <size>0x136</size>
         <input_file_ref idref="fl-d1"/>
      </object_component>
      <object_component id="oc-1cd">
         <name>.text:GPIOPadConfigSet</name>
         <load_address>0x1086</load_address>
         <run_address>0x1086</run_address>
         <size>0x132</size>
         <input_file_ref idref="fl-d"/>
      </object_component>
      <object_component id="oc-c1">
         <name>.text:SysCtlClockGet</name>
         <load_address>0x11b8</load_address>
         <run_address>0x11b8</run_address>
         <size>0x110</size>
         <input_file_ref idref="fl-11"/>
      </object_component>
      <object_component id="oc-108">
         <name>.text</name>
         <load_address>0x12c8</load_address>
         <run_address>0x12c8</run_address>
         <size>0xfc</size>
         <input_file_ref idref="fl-d2"/>
      </object_component>
      <object_component id="oc-92">
         <name>.text:SysCtlClockSet</name>
         <load_address>0x13c4</load_address>
         <run_address>0x13c4</run_address>
         <size>0xf4</size>
         <input_file_ref idref="fl-11"/>
      </object_component>
      <object_component id="oc-d3">
         <name>.text:I2CMIntHandler</name>
         <load_address>0x14b8</load_address>
         <run_address>0x14b8</run_address>
         <size>0xf2</size>
         <input_file_ref idref="fl-15"/>
      </object_component>
      <object_component id="oc-23e">
         <name>.text:MPU6050Callback</name>
         <load_address>0x15ac</load_address>
         <run_address>0x15ac</run_address>
         <size>0xf0</size>
         <input_file_ref idref="fl-16"/>
      </object_component>
      <object_component id="oc-4d">
         <name>.text</name>
         <load_address>0x169c</load_address>
         <run_address>0x169c</run_address>
         <size>0x9c</size>
         <input_file_ref idref="fl-dc"/>
      </object_component>
      <object_component id="oc-231">
         <name>.text:I2CMStateIdle</name>
         <load_address>0x1738</load_address>
         <run_address>0x1738</run_address>
         <size>0x98</size>
         <input_file_ref idref="fl-15"/>
      </object_component>
      <object_component id="oc-238">
         <name>.text:I2CMCommand</name>
         <load_address>0x17d0</load_address>
         <run_address>0x17d0</run_address>
         <size>0x88</size>
         <input_file_ref idref="fl-15"/>
      </object_component>
      <object_component id="oc-34e">
         <name>.text:__aeabi_cdrcmple</name>
         <load_address>0x1858</load_address>
         <run_address>0x1858</run_address>
         <size>0x86</size>
         <input_file_ref idref="fl-d0"/>
      </object_component>
      <object_component id="oc-246">
         <name>.text:I2CMReadModifyWrite8</name>
         <load_address>0x18e0</load_address>
         <run_address>0x18e0</run_address>
         <size>0x78</size>
         <input_file_ref idref="fl-15"/>
      </object_component>
      <object_component id="oc-eb">
         <name>.text:MPU6050DataAccelGetFloat</name>
         <load_address>0x1958</load_address>
         <run_address>0x1958</run_address>
         <size>0x70</size>
         <input_file_ref idref="fl-16"/>
      </object_component>
      <object_component id="oc-f1">
         <name>.text:MPU6050DataGyroGetFloat</name>
         <load_address>0x19c8</load_address>
         <run_address>0x19c8</run_address>
         <size>0x70</size>
         <input_file_ref idref="fl-16"/>
      </object_component>
      <object_component id="oc-112">
         <name>.text</name>
         <load_address>0x1a38</load_address>
         <run_address>0x1a38</run_address>
         <size>0x6e</size>
         <input_file_ref idref="fl-d3"/>
      </object_component>
      <object_component id="oc-323">
         <name>.text:IntDisable</name>
         <load_address>0x1aa8</load_address>
         <run_address>0x1aa8</run_address>
         <size>0x68</size>
         <input_file_ref idref="fl-f"/>
      </object_component>
      <object_component id="oc-154">
         <name>.text:IntEnable</name>
         <load_address>0x1b10</load_address>
         <run_address>0x1b10</run_address>
         <size>0x68</size>
         <input_file_ref idref="fl-f"/>
      </object_component>
      <object_component id="oc-15">
         <name>.text:decompress:lzss:__TI_decompress_lzss</name>
         <load_address>0x1b78</load_address>
         <run_address>0x1b78</run_address>
         <size>0x68</size>
         <input_file_ref idref="fl-d8"/>
      </object_component>
      <object_component id="oc-31d">
         <name>.text:IntIsEnabled</name>
         <load_address>0x1be0</load_address>
         <run_address>0x1be0</run_address>
         <size>0x64</size>
         <input_file_ref idref="fl-f"/>
      </object_component>
      <object_component id="oc-2d">
         <name>.text</name>
         <load_address>0x1c44</load_address>
         <run_address>0x1c44</run_address>
         <size>0x64</size>
         <input_file_ref idref="fl-5"/>
      </object_component>
      <object_component id="oc-338">
         <name>.text:I2CMReadModifyWrite8Callback</name>
         <load_address>0x1ca8</load_address>
         <run_address>0x1ca8</run_address>
         <size>0x60</size>
         <input_file_ref idref="fl-15"/>
      </object_component>
      <object_component id="oc-148">
         <name>.text:TimerConfigure</name>
         <load_address>0x1d08</load_address>
         <run_address>0x1d08</run_address>
         <size>0x60</size>
         <input_file_ref idref="fl-12"/>
      </object_component>
      <object_component id="oc-21f">
         <name>.text:I2CMStateWritePause</name>
         <load_address>0x1d68</load_address>
         <run_address>0x1d68</run_address>
         <size>0x5e</size>
         <input_file_ref idref="fl-15"/>
      </object_component>
      <object_component id="oc-d9">
         <name>.text:MPU6050Init</name>
         <load_address>0x1dc8</load_address>
         <run_address>0x1dc8</run_address>
         <size>0x5c</size>
         <input_file_ref idref="fl-16"/>
      </object_component>
      <object_component id="oc-e5">
         <name>.text:MPU6050DataRead</name>
         <load_address>0x1e24</load_address>
         <run_address>0x1e24</run_address>
         <size>0x54</size>
         <input_file_ref idref="fl-16"/>
      </object_component>
      <object_component id="oc-225">
         <name>.text:I2CMStateWriteFinal</name>
         <load_address>0x1e78</load_address>
         <run_address>0x1e78</run_address>
         <size>0x50</size>
         <input_file_ref idref="fl-15"/>
      </object_component>
      <object_component id="oc-a9">
         <name>.text:SysCtlPeripheralReset</name>
         <load_address>0x1ec8</load_address>
         <run_address>0x1ec8</run_address>
         <size>0x50</size>
         <input_file_ref idref="fl-11"/>
      </object_component>
      <object_component id="oc-c7">
         <name>.text:I2CMasterInitExpClk</name>
         <load_address>0x1f18</load_address>
         <run_address>0x1f18</run_address>
         <size>0x4c</size>
         <input_file_ref idref="fl-e"/>
      </object_component>
      <object_component id="oc-df">
         <name>.text:MPU6050ReadModifyWrite</name>
         <load_address>0x1f64</load_address>
         <run_address>0x1f64</run_address>
         <size>0x4c</size>
         <input_file_ref idref="fl-16"/>
      </object_component>
      <object_component id="oc-20d">
         <name>.text:I2CMStateReadNext</name>
         <load_address>0x1fb0</load_address>
         <run_address>0x1fb0</run_address>
         <size>0x4a</size>
         <input_file_ref idref="fl-15"/>
      </object_component>
      <object_component id="oc-af">
         <name>.text:GPIOPinConfigure</name>
         <load_address>0x1ffc</load_address>
         <run_address>0x1ffc</run_address>
         <size>0x48</size>
         <input_file_ref idref="fl-d"/>
      </object_component>
      <object_component id="oc-22b">
         <name>.text:I2CMStateWriteNext</name>
         <load_address>0x2044</load_address>
         <run_address>0x2044</run_address>
         <size>0x48</size>
         <input_file_ref idref="fl-15"/>
      </object_component>
      <object_component id="oc-1f5">
         <name>.text:I2CMStateCallback</name>
         <load_address>0x208c</load_address>
         <run_address>0x208c</run_address>
         <size>0x44</size>
         <input_file_ref idref="fl-15"/>
      </object_component>
      <object_component id="oc-2ae">
         <name>.text:__TI_auto_init_nobinit_nopinit:__TI_auto_init_nobinit_nopinit</name>
         <load_address>0x20d0</load_address>
         <run_address>0x20d0</run_address>
         <size>0x44</size>
         <input_file_ref idref="fl-de"/>
      </object_component>
      <object_component id="oc-207">
         <name>.text:I2CMStateReadFinal</name>
         <load_address>0x2114</load_address>
         <run_address>0x2114</run_address>
         <size>0x42</size>
         <input_file_ref idref="fl-15"/>
      </object_component>
      <object_component id="oc-201">
         <name>.text:I2CMStateReadPause</name>
         <load_address>0x2156</load_address>
         <run_address>0x2156</run_address>
         <size>0x3e</size>
         <input_file_ref idref="fl-15"/>
      </object_component>
      <object_component id="oc-136">
         <name>.text:SSIConfigSetExpClk</name>
         <load_address>0x2194</load_address>
         <run_address>0x2194</run_address>
         <size>0x3c</size>
         <input_file_ref idref="fl-10"/>
      </object_component>
      <object_component id="oc-f7">
         <name>.text</name>
         <load_address>0x21d0</load_address>
         <run_address>0x21d0</run_address>
         <size>0x38</size>
         <input_file_ref idref="fl-d4"/>
      </object_component>
      <object_component id="oc-cd">
         <name>.text:I2CMInit</name>
         <load_address>0x2208</load_address>
         <run_address>0x2208</run_address>
         <size>0x34</size>
         <input_file_ref idref="fl-15"/>
      </object_component>
      <object_component id="oc-a3">
         <name>.text:SysCtlPeripheralEnable</name>
         <load_address>0x223c</load_address>
         <run_address>0x223c</run_address>
         <size>0x34</size>
         <input_file_ref idref="fl-11"/>
      </object_component>
      <object_component id="oc-6b">
         <name>.text:_c_int00_noargs:_c_int00_noargs</name>
         <load_address>0x2270</load_address>
         <run_address>0x2270</run_address>
         <size>0x34</size>
         <input_file_ref idref="fl-da"/>
      </object_component>
      <object_component id="oc-1c7">
         <name>.text:GPIODirModeSet</name>
         <load_address>0x22a4</load_address>
         <run_address>0x22a4</run_address>
         <size>0x2a</size>
         <input_file_ref idref="fl-d"/>
      </object_component>
      <object_component id="oc-213">
         <name>.text:I2CMStateReadFirst</name>
         <load_address>0x22ce</load_address>
         <run_address>0x22ce</run_address>
         <size>0x2a</size>
         <input_file_ref idref="fl-15"/>
      </object_component>
      <object_component id="oc-219">
         <name>.text:I2CMStateReadOne</name>
         <load_address>0x22f8</load_address>
         <run_address>0x22f8</run_address>
         <size>0x20</size>
         <input_file_ref idref="fl-15"/>
      </object_component>
      <object_component id="oc-59">
         <name>.text:decompress:ZI:__TI_zero_init_nomemset:__TI_zero_init_nomemset</name>
         <load_address>0x2318</load_address>
         <run_address>0x2318</run_address>
         <size>0x1c</size>
         <input_file_ref idref="fl-d6"/>
      </object_component>
      <object_component id="oc-1fb">
         <name>.text:I2CMStateReadWait</name>
         <load_address>0x2334</load_address>
         <run_address>0x2334</run_address>
         <size>0x1a</size>
         <input_file_ref idref="fl-15"/>
      </object_component>
      <object_component id="oc-bb">
         <name>.text:GPIOPinTypeI2C</name>
         <load_address>0x234e</load_address>
         <run_address>0x234e</run_address>
         <size>0x12</size>
         <input_file_ref idref="fl-d"/>
      </object_component>
      <object_component id="oc-b5">
         <name>.text:GPIOPinTypeI2CSCL</name>
         <load_address>0x2360</load_address>
         <run_address>0x2360</run_address>
         <size>0x12</size>
         <input_file_ref idref="fl-d"/>
      </object_component>
      <object_component id="oc-130">
         <name>.text:GPIOPinTypeSSI</name>
         <load_address>0x2372</load_address>
         <run_address>0x2372</run_address>
         <size>0x12</size>
         <input_file_ref idref="fl-d"/>
      </object_component>
      <object_component id="oc-14e">
         <name>.text:TimerLoadSet</name>
         <load_address>0x2384</load_address>
         <run_address>0x2384</run_address>
         <size>0x12</size>
         <input_file_ref idref="fl-12"/>
      </object_component>
      <object_component id="oc-142">
         <name>.text:IntMasterEnable</name>
         <load_address>0x2396</load_address>
         <run_address>0x2396</run_address>
         <size>0x10</size>
         <input_file_ref idref="fl-f"/>
      </object_component>
      <object_component id="oc-160">
         <name>.text:TimerEnable</name>
         <load_address>0x23a6</load_address>
         <run_address>0x23a6</run_address>
         <size>0xe</size>
         <input_file_ref idref="fl-12"/>
      </object_component>
      <object_component id="oc-1b">
         <name>.text:decompress:none:__TI_decompress_none</name>
         <load_address>0x23b4</load_address>
         <run_address>0x23b4</run_address>
         <size>0xe</size>
         <input_file_ref idref="fl-d7"/>
      </object_component>
      <object_component id="oc-27e">
         <name>.text:CPUcpsie</name>
         <load_address>0x23c2</load_address>
         <run_address>0x23c2</run_address>
         <size>0xc</size>
         <input_file_ref idref="fl-14"/>
      </object_component>
      <object_component id="oc-329">
         <name>.text:IntTrigger</name>
         <load_address>0x23d0</load_address>
         <run_address>0x23d0</run_address>
         <size>0xc</size>
         <input_file_ref idref="fl-f"/>
      </object_component>
      <object_component id="oc-27">
         <name>.text</name>
         <load_address>0x23dc</load_address>
         <run_address>0x23dc</run_address>
         <size>0xc</size>
         <input_file_ref idref="fl-4"/>
      </object_component>
      <object_component id="oc-1d9">
         <name>.text:I2CMasterEnable</name>
         <load_address>0x23e8</load_address>
         <run_address>0x23e8</run_address>
         <size>0xa</size>
         <input_file_ref idref="fl-e"/>
      </object_component>
      <object_component id="oc-124">
         <name>.text:SSIDataPut</name>
         <load_address>0x23f2</load_address>
         <run_address>0x23f2</run_address>
         <size>0xa</size>
         <input_file_ref idref="fl-10"/>
      </object_component>
      <object_component id="oc-13c">
         <name>.text:SSIEnable</name>
         <load_address>0x23fc</load_address>
         <run_address>0x23fc</run_address>
         <size>0xa</size>
         <input_file_ref idref="fl-10"/>
      </object_component>
      <object_component id="oc-86">
         <name>.text:UARTIntStatus</name>
         <load_address>0x2406</load_address>
         <run_address>0x2406</run_address>
         <size>0xa</size>
         <input_file_ref idref="fl-13"/>
      </object_component>
      <object_component id="oc-1e9">
         <name>.text:I2CMasterIntClear</name>
         <load_address>0x2410</load_address>
         <run_address>0x2410</run_address>
         <size>0x8</size>
         <input_file_ref idref="fl-e"/>
      </object_component>
      <object_component id="oc-1e1">
         <name>.text:I2CMasterIntEnableEx</name>
         <load_address>0x2418</load_address>
         <run_address>0x2418</run_address>
         <size>0x8</size>
         <input_file_ref idref="fl-e"/>
      </object_component>
      <object_component id="oc-30b">
         <name>.text:I2CMasterSlaveAddrSet</name>
         <load_address>0x2420</load_address>
         <run_address>0x2420</run_address>
         <size>0x8</size>
         <input_file_ref idref="fl-e"/>
      </object_component>
      <object_component id="oc-12a">
         <name>.text:SSIBusy</name>
         <load_address>0x2428</load_address>
         <run_address>0x2428</run_address>
         <size>0x8</size>
         <input_file_ref idref="fl-10"/>
      </object_component>
      <object_component id="oc-15a">
         <name>.text:TimerIntEnable</name>
         <load_address>0x2430</load_address>
         <run_address>0x2430</run_address>
         <size>0x8</size>
         <input_file_ref idref="fl-12"/>
      </object_component>
      <object_component id="oc-259">
         <name>.text:__aeabi_errno_addr</name>
         <load_address>0x2438</load_address>
         <run_address>0x2438</run_address>
         <size>0x8</size>
         <input_file_ref idref="fl-d9"/>
      </object_component>
      <object_component id="oc-1b1">
         <name>.text:SysCtlDelay</name>
         <load_address>0x2440</load_address>
         <run_address>0x2440</run_address>
         <size>0x6</size>
         <input_file_ref idref="fl-11"/>
      </object_component>
      <object_component id="oc-1ef">
         <name>.text:I2CMasterControl</name>
         <load_address>0x2446</load_address>
         <run_address>0x2446</run_address>
         <size>0x4</size>
         <input_file_ref idref="fl-e"/>
      </object_component>
      <object_component id="oc-301">
         <name>.text:I2CMasterDataGet</name>
         <load_address>0x244a</load_address>
         <run_address>0x244a</run_address>
         <size>0x4</size>
         <input_file_ref idref="fl-e"/>
      </object_component>
      <object_component id="oc-313">
         <name>.text:I2CMasterDataPut</name>
         <load_address>0x244e</load_address>
         <run_address>0x244e</run_address>
         <size>0x4</size>
         <input_file_ref idref="fl-e"/>
      </object_component>
      <object_component id="oc-80">
         <name>.text:TimerIntClear</name>
         <load_address>0x2452</load_address>
         <run_address>0x2452</run_address>
         <size>0x4</size>
         <input_file_ref idref="fl-12"/>
      </object_component>
      <object_component id="oc-8c">
         <name>.text:UARTIntClear</name>
         <load_address>0x2456</load_address>
         <run_address>0x2456</run_address>
         <size>0x4</size>
         <input_file_ref idref="fl-13"/>
      </object_component>
      <object_component id="oc-195">
         <name>.text:_system_pre_init</name>
         <load_address>0x245a</load_address>
         <run_address>0x245a</run_address>
         <size>0x4</size>
         <input_file_ref idref="fl-df"/>
      </object_component>
      <object_component id="oc-2a2">
         <name>.text:abort:abort</name>
         <load_address>0x245e</load_address>
         <run_address>0x245e</run_address>
         <size>0x4</size>
         <input_file_ref idref="fl-e1"/>
      </object_component>
      <object_component id="oc-353">
         <name>.const:$O1$$</name>
         <load_address>0x2468</load_address>
         <run_address>0x2468</run_address>
         <size>0x98</size>
         <input_file_ref idref="fl-ce"/>
      </object_component>
      <object_component id="oc-1c2">
         <name>.const:g_pui32GPIOBaseAddrs</name>
         <load_address>0x2500</load_address>
         <run_address>0x2500</run_address>
         <size>0x90</size>
         <input_file_ref idref="fl-d"/>
      </object_component>
      <object_component id="oc-287">
         <name>.const</name>
         <load_address>0x2590</load_address>
         <run_address>0x2590</run_address>
         <size>0x70</size>
         <input_file_ref idref="fl-f"/>
      </object_component>
      <object_component id="oc-1d5">
         <name>.const:g_pui32Xtals</name>
         <load_address>0x2600</load_address>
         <run_address>0x2600</run_address>
         <size>0x6c</size>
         <input_file_ref idref="fl-11"/>
      </object_component>
      <object_component id="oc-24e">
         <name>.const</name>
         <load_address>0x266c</load_address>
         <run_address>0x266c</run_address>
         <size>0x20</size>
         <input_file_ref idref="fl-16"/>
      </object_component>
      <object_component id="oc-3ed">
         <name>.cinit..data.load</name>
         <load_address>0x2690</load_address>
         <run_address>0x2690</run_address>
         <size>0x17</size>
      </object_component>
      <object_component id="oc-3eb">
         <name>__TI_handler_table</name>
         <load_address>0x26a8</load_address>
         <run_address>0x26a8</run_address>
         <size>0xc</size>
      </object_component>
      <object_component id="oc-3ee">
         <name>.cinit..bss.load</name>
         <load_address>0x26b8</load_address>
         <run_address>0x26b8</run_address>
         <size>0x8</size>
      </object_component>
      <object_component id="oc-3ec">
         <name>__TI_cinit_table</name>
         <load_address>0x26c0</load_address>
         <run_address>0x26c0</run_address>
         <size>0x10</size>
      </object_component>
      <object_component id="oc-169">
         <name>.data</name>
         <load_address>0x2000038c</load_address>
         <run_address>0x2000038c</run_address>
         <size>0x32</size>
         <input_file_ref idref="fl-3"/>
      </object_component>
      <object_component id="oc-342">
         <name>.data</name>
         <load_address>0x200003c0</load_address>
         <run_address>0x200003c0</run_address>
         <size>0x4</size>
         <input_file_ref idref="fl-d9"/>
      </object_component>
      <object_component id="oc-11a">
         <name>.common:g_bMPU6050Done</name>
         <uninitialized>true</uninitialized>
         <run_address>0x20000388</run_address>
         <size>0x1</size>
      </object_component>
      <object_component id="oc-117">
         <name>.common:g_sI2CMSimpleInst</name>
         <uninitialized>true</uninitialized>
         <run_address>0x20000200</run_address>
         <size>0x124</size>
      </object_component>
      <object_component id="oc-11c">
         <name>.common:fAccel</name>
         <uninitialized>true</uninitialized>
         <run_address>0x2000035c</run_address>
         <size>0xc</size>
      </object_component>
      <object_component id="oc-11d">
         <name>.common:fGyro</name>
         <uninitialized>true</uninitialized>
         <run_address>0x20000368</run_address>
         <size>0xc</size>
      </object_component>
      <object_component id="oc-11b">
         <name>.common:sMPU6050</name>
         <uninitialized>true</uninitialized>
         <run_address>0x20000324</run_address>
         <size>0x38</size>
      </object_component>
      <object_component id="oc-166">
         <name>.common:refe</name>
         <uninitialized>true</uninitialized>
         <run_address>0x20000374</run_address>
         <size>0x4</size>
      </object_component>
      <object_component id="oc-16c">
         <name>.common:sensor</name>
         <uninitialized>true</uninitialized>
         <run_address>0x20000378</run_address>
         <size>0x4</size>
      </object_component>
      <object_component id="oc-98">
         <name>.common:x</name>
         <uninitialized>true</uninitialized>
         <run_address>0x2000037c</run_address>
         <size>0x4</size>
      </object_component>
      <object_component id="oc-9b">
         <name>.common:y</name>
         <uninitialized>true</uninitialized>
         <run_address>0x20000380</run_address>
         <size>0x4</size>
      </object_component>
      <object_component id="oc-9c">
         <name>.common:z</name>
         <uninitialized>true</uninitialized>
         <run_address>0x20000384</run_address>
         <size>0x4</size>
      </object_component>
      <object_component id="oc-24">
         <name>.stack</name>
         <uninitialized>true</uninitialized>
         <run_address>0x20000000</run_address>
         <size>0x4</size>
         <input_file_ref idref="fl-da"/>
      </object_component>
      <object_component id="oc-3f0">
         <name>.stack</name>
         <uninitialized>true</uninitialized>
         <run_address>0x20000000</run_address>
         <size>0x0</size>
      </object_component>
      <object_component id="oc-118">
         <name>.debug_info</name>
         <load_address>0x0</load_address>
         <run_address>0x0</run_address>
         <size>0x83d</size>
         <input_file_ref idref="fl-2"/>
      </object_component>
      <object_component id="oc-34">
         <name>.debug_info</name>
         <load_address>0x83d</load_address>
         <run_address>0x83d</run_address>
         <size>0x5d8</size>
         <input_file_ref idref="fl-2"/>
      </object_component>
      <object_component id="oc-1b6">
         <name>.debug_info</name>
         <load_address>0xe15</load_address>
         <run_address>0xe15</run_address>
         <size>0x4e6</size>
         <input_file_ref idref="fl-2"/>
      </object_component>
      <object_component id="oc-1bb">
         <name>.debug_info</name>
         <load_address>0x12fb</load_address>
         <run_address>0x12fb</run_address>
         <size>0x158</size>
         <input_file_ref idref="fl-2"/>
      </object_component>
      <object_component id="oc-175">
         <name>.debug_info</name>
         <load_address>0x1453</load_address>
         <run_address>0x1453</run_address>
         <size>0x26b</size>
         <input_file_ref idref="fl-2"/>
      </object_component>
      <object_component id="oc-9e">
         <name>.debug_info</name>
         <load_address>0x16be</load_address>
         <run_address>0x16be</run_address>
         <size>0x8b</size>
         <input_file_ref idref="fl-2"/>
      </object_component>
      <object_component id="oc-273">
         <name>.debug_info</name>
         <load_address>0x1749</load_address>
         <run_address>0x1749</run_address>
         <size>0x2a4</size>
         <input_file_ref idref="fl-2"/>
      </object_component>
      <object_component id="oc-11f">
         <name>.debug_info</name>
         <load_address>0x19ed</load_address>
         <run_address>0x19ed</run_address>
         <size>0xef</size>
         <input_file_ref idref="fl-2"/>
      </object_component>
      <object_component id="oc-16e">
         <name>.debug_info</name>
         <load_address>0x1adc</load_address>
         <run_address>0x1adc</run_address>
         <size>0xbb</size>
         <input_file_ref idref="fl-2"/>
      </object_component>
      <object_component id="oc-167">
         <name>.debug_info</name>
         <load_address>0x1b97</load_address>
         <run_address>0x1b97</run_address>
         <size>0x56b</size>
         <input_file_ref idref="fl-3"/>
      </object_component>
      <object_component id="oc-16a">
         <name>.debug_info</name>
         <load_address>0x2102</load_address>
         <run_address>0x2102</run_address>
         <size>0x1f7</size>
         <input_file_ref idref="fl-3"/>
      </object_component>
      <object_component id="oc-3d">
         <name>.debug_info</name>
         <load_address>0x22f9</load_address>
         <run_address>0x22f9</run_address>
         <size>0x3c3</size>
         <input_file_ref idref="fl-3"/>
      </object_component>
      <object_component id="oc-41">
         <name>.debug_info</name>
         <load_address>0x26bc</load_address>
         <run_address>0x26bc</run_address>
         <size>0x348</size>
         <input_file_ref idref="fl-4"/>
      </object_component>
      <object_component id="oc-13">
         <name>.debug_info</name>
         <load_address>0x2a04</load_address>
         <run_address>0x2a04</run_address>
         <size>0x109</size>
         <input_file_ref idref="fl-4"/>
      </object_component>
      <object_component id="oc-29">
         <name>.debug_info</name>
         <load_address>0x2b0d</load_address>
         <run_address>0x2b0d</run_address>
         <size>0x3c5</size>
         <input_file_ref idref="fl-4"/>
      </object_component>
      <object_component id="oc-48">
         <name>.debug_info</name>
         <load_address>0x2ed2</load_address>
         <run_address>0x2ed2</run_address>
         <size>0x84</size>
         <input_file_ref idref="fl-4"/>
      </object_component>
      <object_component id="oc-99">
         <name>.debug_info</name>
         <load_address>0x2f56</load_address>
         <run_address>0x2f56</run_address>
         <size>0x62f</size>
         <input_file_ref idref="fl-5"/>
      </object_component>
      <object_component id="oc-2e">
         <name>.debug_info</name>
         <load_address>0x3585</load_address>
         <run_address>0x3585</run_address>
         <size>0x229</size>
         <input_file_ref idref="fl-5"/>
      </object_component>
      <object_component id="oc-1c6">
         <name>.debug_info</name>
         <load_address>0x37ae</load_address>
         <run_address>0x37ae</run_address>
         <size>0x240</size>
         <input_file_ref idref="fl-d"/>
      </object_component>
      <object_component id="oc-1c3">
         <name>.debug_info</name>
         <load_address>0x39ee</load_address>
         <run_address>0x39ee</run_address>
         <size>0x15b</size>
         <input_file_ref idref="fl-d"/>
      </object_component>
      <object_component id="oc-1c9">
         <name>.debug_info</name>
         <load_address>0x3b49</load_address>
         <run_address>0x3b49</run_address>
         <size>0x2b3</size>
         <input_file_ref idref="fl-d"/>
      </object_component>
      <object_component id="oc-1cf">
         <name>.debug_info</name>
         <load_address>0x3dfc</load_address>
         <run_address>0x3dfc</run_address>
         <size>0x316</size>
         <input_file_ref idref="fl-d"/>
      </object_component>
      <object_component id="oc-132">
         <name>.debug_info</name>
         <load_address>0x4112</load_address>
         <run_address>0x4112</run_address>
         <size>0x279</size>
         <input_file_ref idref="fl-d"/>
      </object_component>
      <object_component id="oc-b7">
         <name>.debug_info</name>
         <load_address>0x438b</load_address>
         <run_address>0x438b</run_address>
         <size>0x27f</size>
         <input_file_ref idref="fl-d"/>
      </object_component>
      <object_component id="oc-bd">
         <name>.debug_info</name>
         <load_address>0x460a</load_address>
         <run_address>0x460a</run_address>
         <size>0x279</size>
         <input_file_ref idref="fl-d"/>
      </object_component>
      <object_component id="oc-b2">
         <name>.debug_info</name>
         <load_address>0x4883</load_address>
         <run_address>0x4883</run_address>
         <size>0x280</size>
         <input_file_ref idref="fl-d"/>
      </object_component>
      <object_component id="oc-1a8">
         <name>.debug_info</name>
         <load_address>0x4b03</load_address>
         <run_address>0x4b03</run_address>
         <size>0x18b</size>
         <input_file_ref idref="fl-d"/>
      </object_component>
      <object_component id="oc-1e0">
         <name>.debug_info</name>
         <load_address>0x4c8e</load_address>
         <run_address>0x4c8e</run_address>
         <size>0x231</size>
         <input_file_ref idref="fl-e"/>
      </object_component>
      <object_component id="oc-30d">
         <name>.debug_info</name>
         <load_address>0x4ebf</load_address>
         <run_address>0x4ebf</run_address>
         <size>0x2ce</size>
         <input_file_ref idref="fl-e"/>
      </object_component>
      <object_component id="oc-1e3">
         <name>.debug_info</name>
         <load_address>0x518d</load_address>
         <run_address>0x518d</run_address>
         <size>0x29a</size>
         <input_file_ref idref="fl-e"/>
      </object_component>
      <object_component id="oc-1ea">
         <name>.debug_info</name>
         <load_address>0x5427</load_address>
         <run_address>0x5427</run_address>
         <size>0x252</size>
         <input_file_ref idref="fl-e"/>
      </object_component>
      <object_component id="oc-1da">
         <name>.debug_info</name>
         <load_address>0x5679</load_address>
         <run_address>0x5679</run_address>
         <size>0x24e</size>
         <input_file_ref idref="fl-e"/>
      </object_component>
      <object_component id="oc-c8">
         <name>.debug_info</name>
         <load_address>0x58c7</load_address>
         <run_address>0x58c7</run_address>
         <size>0x2d5</size>
         <input_file_ref idref="fl-e"/>
      </object_component>
      <object_component id="oc-314">
         <name>.debug_info</name>
         <load_address>0x5b9c</load_address>
         <run_address>0x5b9c</run_address>
         <size>0x27e</size>
         <input_file_ref idref="fl-e"/>
      </object_component>
      <object_component id="oc-302">
         <name>.debug_info</name>
         <load_address>0x5e1a</load_address>
         <run_address>0x5e1a</run_address>
         <size>0x254</size>
         <input_file_ref idref="fl-e"/>
      </object_component>
      <object_component id="oc-1f0">
         <name>.debug_info</name>
         <load_address>0x606e</load_address>
         <run_address>0x606e</run_address>
         <size>0x27e</size>
         <input_file_ref idref="fl-e"/>
      </object_component>
      <object_component id="oc-28b">
         <name>.debug_info</name>
         <load_address>0x62ec</load_address>
         <run_address>0x62ec</run_address>
         <size>0x20e</size>
         <input_file_ref idref="fl-f"/>
      </object_component>
      <object_component id="oc-288">
         <name>.debug_info</name>
         <load_address>0x64fa</load_address>
         <run_address>0x64fa</run_address>
         <size>0x210</size>
         <input_file_ref idref="fl-f"/>
      </object_component>
      <object_component id="oc-32b">
         <name>.debug_info</name>
         <load_address>0x670a</load_address>
         <run_address>0x670a</run_address>
         <size>0x26a</size>
         <input_file_ref idref="fl-f"/>
      </object_component>
      <object_component id="oc-143">
         <name>.debug_info</name>
         <load_address>0x6974</load_address>
         <run_address>0x6974</run_address>
         <size>0x23e</size>
         <input_file_ref idref="fl-f"/>
      </object_component>
      <object_component id="oc-31e">
         <name>.debug_info</name>
         <load_address>0x6bb2</load_address>
         <run_address>0x6bb2</run_address>
         <size>0x2a1</size>
         <input_file_ref idref="fl-f"/>
      </object_component>
      <object_component id="oc-155">
         <name>.debug_info</name>
         <load_address>0x6e53</load_address>
         <run_address>0x6e53</run_address>
         <size>0x268</size>
         <input_file_ref idref="fl-f"/>
      </object_component>
      <object_component id="oc-324">
         <name>.debug_info</name>
         <load_address>0x70bb</load_address>
         <run_address>0x70bb</run_address>
         <size>0x26a</size>
         <input_file_ref idref="fl-f"/>
      </object_component>
      <object_component id="oc-279">
         <name>.debug_info</name>
         <load_address>0x7325</load_address>
         <run_address>0x7325</run_address>
         <size>0x21c</size>
         <input_file_ref idref="fl-10"/>
      </object_component>
      <object_component id="oc-13d">
         <name>.debug_info</name>
         <load_address>0x7541</load_address>
         <run_address>0x7541</run_address>
         <size>0x242</size>
         <input_file_ref idref="fl-10"/>
      </object_component>
      <object_component id="oc-125">
         <name>.debug_info</name>
         <load_address>0x7783</load_address>
         <run_address>0x7783</run_address>
         <size>0x276</size>
         <input_file_ref idref="fl-10"/>
      </object_component>
      <object_component id="oc-137">
         <name>.debug_info</name>
         <load_address>0x79f9</load_address>
         <run_address>0x79f9</run_address>
         <size>0x3d9</size>
         <input_file_ref idref="fl-10"/>
      </object_component>
      <object_component id="oc-12b">
         <name>.debug_info</name>
         <load_address>0x7dd2</load_address>
         <run_address>0x7dd2</run_address>
         <size>0x242</size>
         <input_file_ref idref="fl-10"/>
      </object_component>
      <object_component id="oc-1b3">
         <name>.debug_info</name>
         <load_address>0x8014</load_address>
         <run_address>0x8014</run_address>
         <size>0x298</size>
         <input_file_ref idref="fl-11"/>
      </object_component>
      <object_component id="oc-1d6">
         <name>.debug_info</name>
         <load_address>0x82ac</load_address>
         <run_address>0x82ac</run_address>
         <size>0x14d</size>
         <input_file_ref idref="fl-11"/>
      </object_component>
      <object_component id="oc-aa">
         <name>.debug_info</name>
         <load_address>0x83f9</load_address>
         <run_address>0x83f9</run_address>
         <size>0x295</size>
         <input_file_ref idref="fl-11"/>
      </object_component>
      <object_component id="oc-a4">
         <name>.debug_info</name>
         <load_address>0x868e</load_address>
         <run_address>0x868e</run_address>
         <size>0x27d</size>
         <input_file_ref idref="fl-11"/>
      </object_component>
      <object_component id="oc-93">
         <name>.debug_info</name>
         <load_address>0x890b</load_address>
         <run_address>0x890b</run_address>
         <size>0x2db</size>
         <input_file_ref idref="fl-11"/>
      </object_component>
      <object_component id="oc-c2">
         <name>.debug_info</name>
         <load_address>0x8be6</load_address>
         <run_address>0x8be6</run_address>
         <size>0x2b5</size>
         <input_file_ref idref="fl-11"/>
      </object_component>
      <object_component id="oc-2e6">
         <name>.debug_info</name>
         <load_address>0x8e9b</load_address>
         <run_address>0x8e9b</run_address>
         <size>0x5f</size>
         <input_file_ref idref="fl-11"/>
      </object_component>
      <object_component id="oc-1ad">
         <name>.debug_info</name>
         <load_address>0x8efa</load_address>
         <run_address>0x8efa</run_address>
         <size>0x223</size>
         <input_file_ref idref="fl-12"/>
      </object_component>
      <object_component id="oc-14f">
         <name>.debug_info</name>
         <load_address>0x911d</load_address>
         <run_address>0x911d</run_address>
         <size>0x2ba</size>
         <input_file_ref idref="fl-12"/>
      </object_component>
      <object_component id="oc-15b">
         <name>.debug_info</name>
         <load_address>0x93d7</load_address>
         <run_address>0x93d7</run_address>
         <size>0x294</size>
         <input_file_ref idref="fl-12"/>
      </object_component>
      <object_component id="oc-81">
         <name>.debug_info</name>
         <load_address>0x966b</load_address>
         <run_address>0x966b</run_address>
         <size>0x292</size>
         <input_file_ref idref="fl-12"/>
      </object_component>
      <object_component id="oc-161">
         <name>.debug_info</name>
         <load_address>0x98fd</load_address>
         <run_address>0x98fd</run_address>
         <size>0x27f</size>
         <input_file_ref idref="fl-12"/>
      </object_component>
      <object_component id="oc-14a">
         <name>.debug_info</name>
         <load_address>0x9b7c</load_address>
         <run_address>0x9b7c</run_address>
         <size>0x28c</size>
         <input_file_ref idref="fl-12"/>
      </object_component>
      <object_component id="oc-1af">
         <name>.debug_info</name>
         <load_address>0x9e08</load_address>
         <run_address>0x9e08</run_address>
         <size>0x227</size>
         <input_file_ref idref="fl-13"/>
      </object_component>
      <object_component id="oc-87">
         <name>.debug_info</name>
         <load_address>0xa02f</load_address>
         <run_address>0xa02f</run_address>
         <size>0x27f</size>
         <input_file_ref idref="fl-13"/>
      </object_component>
      <object_component id="oc-8d">
         <name>.debug_info</name>
         <load_address>0xa2ae</load_address>
         <run_address>0xa2ae</run_address>
         <size>0x28d</size>
         <input_file_ref idref="fl-13"/>
      </object_component>
      <object_component id="oc-27f">
         <name>.debug_info</name>
         <load_address>0xa53b</load_address>
         <run_address>0xa53b</run_address>
         <size>0x212</size>
         <input_file_ref idref="fl-14"/>
      </object_component>
      <object_component id="oc-1e8">
         <name>.debug_info</name>
         <load_address>0xa74d</load_address>
         <run_address>0xa74d</run_address>
         <size>0x44b</size>
         <input_file_ref idref="fl-15"/>
      </object_component>
      <object_component id="oc-239">
         <name>.debug_info</name>
         <load_address>0xab98</load_address>
         <run_address>0xab98</run_address>
         <size>0x484</size>
         <input_file_ref idref="fl-15"/>
      </object_component>
      <object_component id="oc-339">
         <name>.debug_info</name>
         <load_address>0xb01c</load_address>
         <run_address>0xb01c</run_address>
         <size>0x2f2</size>
         <input_file_ref idref="fl-15"/>
      </object_component>
      <object_component id="oc-247">
         <name>.debug_info</name>
         <load_address>0xb30e</load_address>
         <run_address>0xb30e</run_address>
         <size>0x3a4</size>
         <input_file_ref idref="fl-15"/>
      </object_component>
      <object_component id="oc-1f6">
         <name>.debug_info</name>
         <load_address>0xb6b2</load_address>
         <run_address>0xb6b2</run_address>
         <size>0x32c</size>
         <input_file_ref idref="fl-15"/>
      </object_component>
      <object_component id="oc-1fc">
         <name>.debug_info</name>
         <load_address>0xb9de</load_address>
         <run_address>0xb9de</run_address>
         <size>0x2a1</size>
         <input_file_ref idref="fl-15"/>
      </object_component>
      <object_component id="oc-202">
         <name>.debug_info</name>
         <load_address>0xbc7f</load_address>
         <run_address>0xbc7f</run_address>
         <size>0x2ba</size>
         <input_file_ref idref="fl-15"/>
      </object_component>
      <object_component id="oc-208">
         <name>.debug_info</name>
         <load_address>0xbf39</load_address>
         <run_address>0xbf39</run_address>
         <size>0x2c7</size>
         <input_file_ref idref="fl-15"/>
      </object_component>
      <object_component id="oc-20e">
         <name>.debug_info</name>
         <load_address>0xc200</load_address>
         <run_address>0xc200</run_address>
         <size>0x2c5</size>
         <input_file_ref idref="fl-15"/>
      </object_component>
      <object_component id="oc-214">
         <name>.debug_info</name>
         <load_address>0xc4c5</load_address>
         <run_address>0xc4c5</run_address>
         <size>0x2bf</size>
         <input_file_ref idref="fl-15"/>
      </object_component>
      <object_component id="oc-21a">
         <name>.debug_info</name>
         <load_address>0xc784</load_address>
         <run_address>0xc784</run_address>
         <size>0x2bb</size>
         <input_file_ref idref="fl-15"/>
      </object_component>
      <object_component id="oc-220">
         <name>.debug_info</name>
         <load_address>0xca3f</load_address>
         <run_address>0xca3f</run_address>
         <size>0x2ea</size>
         <input_file_ref idref="fl-15"/>
      </object_component>
      <object_component id="oc-226">
         <name>.debug_info</name>
         <load_address>0xcd29</load_address>
         <run_address>0xcd29</run_address>
         <size>0x2e0</size>
         <input_file_ref idref="fl-15"/>
      </object_component>
      <object_component id="oc-22c">
         <name>.debug_info</name>
         <load_address>0xd009</load_address>
         <run_address>0xd009</run_address>
         <size>0x2c7</size>
         <input_file_ref idref="fl-15"/>
      </object_component>
      <object_component id="oc-232">
         <name>.debug_info</name>
         <load_address>0xd2d0</load_address>
         <run_address>0xd2d0</run_address>
         <size>0x32d</size>
         <input_file_ref idref="fl-15"/>
      </object_component>
      <object_component id="oc-d4">
         <name>.debug_info</name>
         <load_address>0xd5fd</load_address>
         <run_address>0xd5fd</run_address>
         <size>0x3f3</size>
         <input_file_ref idref="fl-15"/>
      </object_component>
      <object_component id="oc-ce">
         <name>.debug_info</name>
         <load_address>0xd9f0</load_address>
         <run_address>0xd9f0</run_address>
         <size>0x350</size>
         <input_file_ref idref="fl-15"/>
      </object_component>
      <object_component id="oc-2f9">
         <name>.debug_info</name>
         <load_address>0xdd40</load_address>
         <run_address>0xdd40</run_address>
         <size>0x4e6</size>
         <input_file_ref idref="fl-15"/>
      </object_component>
      <object_component id="oc-245">
         <name>.debug_info</name>
         <load_address>0xe226</load_address>
         <run_address>0xe226</run_address>
         <size>0x374</size>
         <input_file_ref idref="fl-16"/>
      </object_component>
      <object_component id="oc-24f">
         <name>.debug_info</name>
         <load_address>0xe59a</load_address>
         <run_address>0xe59a</run_address>
         <size>0x19c</size>
         <input_file_ref idref="fl-16"/>
      </object_component>
      <object_component id="oc-e0">
         <name>.debug_info</name>
         <load_address>0xe736</load_address>
         <run_address>0xe736</run_address>
         <size>0x34f</size>
         <input_file_ref idref="fl-16"/>
      </object_component>
      <object_component id="oc-da">
         <name>.debug_info</name>
         <load_address>0xea85</load_address>
         <run_address>0xea85</run_address>
         <size>0x334</size>
         <input_file_ref idref="fl-16"/>
      </object_component>
      <object_component id="oc-e6">
         <name>.debug_info</name>
         <load_address>0xedb9</load_address>
         <run_address>0xedb9</run_address>
         <size>0x2f0</size>
         <input_file_ref idref="fl-16"/>
      </object_component>
      <object_component id="oc-f2">
         <name>.debug_info</name>
         <load_address>0xf0a9</load_address>
         <run_address>0xf0a9</run_address>
         <size>0x304</size>
         <input_file_ref idref="fl-16"/>
      </object_component>
      <object_component id="oc-ec">
         <name>.debug_info</name>
         <load_address>0xf3ad</load_address>
         <run_address>0xf3ad</run_address>
         <size>0x312</size>
         <input_file_ref idref="fl-16"/>
      </object_component>
      <object_component id="oc-23f">
         <name>.debug_info</name>
         <load_address>0xf6bf</load_address>
         <run_address>0xf6bf</run_address>
         <size>0x2c0</size>
         <input_file_ref idref="fl-16"/>
      </object_component>
      <object_component id="oc-333">
         <name>.debug_info</name>
         <load_address>0xf97f</load_address>
         <run_address>0xf97f</run_address>
         <size>0x158</size>
         <input_file_ref idref="fl-16"/>
      </object_component>
      <object_component id="oc-26d">
         <name>.debug_info</name>
         <load_address>0xfad7</load_address>
         <run_address>0xfad7</run_address>
         <size>0x2a9</size>
         <input_file_ref idref="fl-cc"/>
      </object_component>
      <object_component id="oc-104">
         <name>.debug_info</name>
         <load_address>0xfd80</load_address>
         <run_address>0xfd80</run_address>
         <size>0x247</size>
         <input_file_ref idref="fl-cc"/>
      </object_component>
      <object_component id="oc-347">
         <name>.debug_info</name>
         <load_address>0xffc7</load_address>
         <run_address>0xffc7</run_address>
         <size>0x46</size>
         <input_file_ref idref="fl-cc"/>
      </object_component>
      <object_component id="oc-260">
         <name>.debug_info</name>
         <load_address>0x1000d</load_address>
         <run_address>0x1000d</run_address>
         <size>0x39</size>
         <input_file_ref idref="fl-cc"/>
      </object_component>
      <object_component id="oc-265">
         <name>.debug_info</name>
         <load_address>0x10046</load_address>
         <run_address>0x10046</run_address>
         <size>0x2c5</size>
         <input_file_ref idref="fl-cd"/>
      </object_component>
      <object_component id="oc-fd">
         <name>.debug_info</name>
         <load_address>0x1030b</load_address>
         <run_address>0x1030b</run_address>
         <size>0x24e</size>
         <input_file_ref idref="fl-cd"/>
      </object_component>
      <object_component id="oc-38e">
         <name>.debug_info</name>
         <load_address>0x10559</load_address>
         <run_address>0x10559</run_address>
         <size>0x2f2</size>
         <input_file_ref idref="fl-ce"/>
      </object_component>
      <object_component id="oc-354">
         <name>.debug_info</name>
         <load_address>0x1084b</load_address>
         <run_address>0x1084b</run_address>
         <size>0x131</size>
         <input_file_ref idref="fl-ce"/>
      </object_component>
      <object_component id="oc-267">
         <name>.debug_info</name>
         <load_address>0x1097c</load_address>
         <run_address>0x1097c</run_address>
         <size>0x4ac</size>
         <input_file_ref idref="fl-ce"/>
      </object_component>
      <object_component id="oc-255">
         <name>.debug_info</name>
         <load_address>0x10e28</load_address>
         <run_address>0x10e28</run_address>
         <size>0x14c</size>
         <input_file_ref idref="fl-cf"/>
      </object_component>
      <object_component id="oc-351">
         <name>.debug_info</name>
         <load_address>0x10f74</load_address>
         <run_address>0x10f74</run_address>
         <size>0x12a</size>
         <input_file_ref idref="fl-d0"/>
      </object_component>
      <object_component id="oc-10e">
         <name>.debug_info</name>
         <load_address>0x1109e</load_address>
         <run_address>0x1109e</run_address>
         <size>0x13a</size>
         <input_file_ref idref="fl-d1"/>
      </object_component>
      <object_component id="oc-10a">
         <name>.debug_info</name>
         <load_address>0x111d8</load_address>
         <run_address>0x111d8</run_address>
         <size>0x13a</size>
         <input_file_ref idref="fl-d2"/>
      </object_component>
      <object_component id="oc-113">
         <name>.debug_info</name>
         <load_address>0x11312</load_address>
         <run_address>0x11312</run_address>
         <size>0x13e</size>
         <input_file_ref idref="fl-d3"/>
      </object_component>
      <object_component id="oc-f8">
         <name>.debug_info</name>
         <load_address>0x11450</load_address>
         <run_address>0x11450</run_address>
         <size>0x12c</size>
         <input_file_ref idref="fl-d4"/>
      </object_component>
      <object_component id="oc-18e">
         <name>.debug_info</name>
         <load_address>0x1157c</load_address>
         <run_address>0x1157c</run_address>
         <size>0x2d4</size>
         <input_file_ref idref="fl-d6"/>
      </object_component>
      <object_component id="oc-5a">
         <name>.debug_info</name>
         <load_address>0x11850</load_address>
         <run_address>0x11850</run_address>
         <size>0x1d2</size>
         <input_file_ref idref="fl-d6"/>
      </object_component>
      <object_component id="oc-189">
         <name>.debug_info</name>
         <load_address>0x11a22</load_address>
         <run_address>0x11a22</run_address>
         <size>0x46</size>
         <input_file_ref idref="fl-d6"/>
      </object_component>
      <object_component id="oc-299">
         <name>.debug_info</name>
         <load_address>0x11a68</load_address>
         <run_address>0x11a68</run_address>
         <size>0x2c</size>
         <input_file_ref idref="fl-d6"/>
      </object_component>
      <object_component id="oc-58">
         <name>.debug_info</name>
         <load_address>0x11a94</load_address>
         <run_address>0x11a94</run_address>
         <size>0x2a8</size>
         <input_file_ref idref="fl-d7"/>
      </object_component>
      <object_component id="oc-1d">
         <name>.debug_info</name>
         <load_address>0x11d3c</load_address>
         <run_address>0x11d3c</run_address>
         <size>0x1ea</size>
         <input_file_ref idref="fl-d7"/>
      </object_component>
      <object_component id="oc-53">
         <name>.debug_info</name>
         <load_address>0x11f26</load_address>
         <run_address>0x11f26</run_address>
         <size>0x46</size>
         <input_file_ref idref="fl-d7"/>
      </object_component>
      <object_component id="oc-181">
         <name>.debug_info</name>
         <load_address>0x11f6c</load_address>
         <run_address>0x11f6c</run_address>
         <size>0x2c</size>
         <input_file_ref idref="fl-d7"/>
      </object_component>
      <object_component id="oc-17f">
         <name>.debug_info</name>
         <load_address>0x11f98</load_address>
         <run_address>0x11f98</run_address>
         <size>0x29e</size>
         <input_file_ref idref="fl-d8"/>
      </object_component>
      <object_component id="oc-17">
         <name>.debug_info</name>
         <load_address>0x12236</load_address>
         <run_address>0x12236</run_address>
         <size>0x250</size>
         <input_file_ref idref="fl-d8"/>
      </object_component>
      <object_component id="oc-43">
         <name>.debug_info</name>
         <load_address>0x12486</load_address>
         <run_address>0x12486</run_address>
         <size>0x60</size>
         <input_file_ref idref="fl-d8"/>
      </object_component>
      <object_component id="oc-292">
         <name>.debug_info</name>
         <load_address>0x124e6</load_address>
         <run_address>0x124e6</run_address>
         <size>0x46</size>
         <input_file_ref idref="fl-d8"/>
      </object_component>
      <object_component id="oc-17a">
         <name>.debug_info</name>
         <load_address>0x1252c</load_address>
         <run_address>0x1252c</run_address>
         <size>0x39</size>
         <input_file_ref idref="fl-d8"/>
      </object_component>
      <object_component id="oc-346">
         <name>.debug_info</name>
         <load_address>0x12565</load_address>
         <run_address>0x12565</run_address>
         <size>0x289</size>
         <input_file_ref idref="fl-d9"/>
      </object_component>
      <object_component id="oc-343">
         <name>.debug_info</name>
         <load_address>0x127ee</load_address>
         <run_address>0x127ee</run_address>
         <size>0x10e</size>
         <input_file_ref idref="fl-d9"/>
      </object_component>
      <object_component id="oc-25a">
         <name>.debug_info</name>
         <load_address>0x128fc</load_address>
         <run_address>0x128fc</run_address>
         <size>0x14e</size>
         <input_file_ref idref="fl-d9"/>
      </object_component>
      <object_component id="oc-25">
         <name>.debug_info</name>
         <load_address>0x12a4a</load_address>
         <run_address>0x12a4a</run_address>
         <size>0x10b</size>
         <input_file_ref idref="fl-da"/>
      </object_component>
      <object_component id="oc-6c">
         <name>.debug_info</name>
         <load_address>0x12b55</load_address>
         <run_address>0x12b55</run_address>
         <size>0x1a9</size>
         <input_file_ref idref="fl-da"/>
      </object_component>
      <object_component id="oc-4e">
         <name>.debug_info</name>
         <load_address>0x12cfe</load_address>
         <run_address>0x12cfe</run_address>
         <size>0x119</size>
         <input_file_ref idref="fl-dc"/>
      </object_component>
      <object_component id="oc-36b">
         <name>.debug_info</name>
         <load_address>0x12e17</load_address>
         <run_address>0x12e17</run_address>
         <size>0x4b3</size>
         <input_file_ref idref="fl-de"/>
      </object_component>
      <object_component id="oc-2b0">
         <name>.debug_info</name>
         <load_address>0x132ca</load_address>
         <run_address>0x132ca</run_address>
         <size>0x1a6</size>
         <input_file_ref idref="fl-de"/>
      </object_component>
      <object_component id="oc-3a0">
         <name>.debug_info</name>
         <load_address>0x13470</load_address>
         <run_address>0x13470</run_address>
         <size>0x39</size>
         <input_file_ref idref="fl-de"/>
      </object_component>
      <object_component id="oc-3b6">
         <name>.debug_info</name>
         <load_address>0x134a9</load_address>
         <run_address>0x134a9</run_address>
         <size>0x39</size>
         <input_file_ref idref="fl-de"/>
      </object_component>
      <object_component id="oc-3a5">
         <name>.debug_info</name>
         <load_address>0x134e2</load_address>
         <run_address>0x134e2</run_address>
         <size>0x39</size>
         <input_file_ref idref="fl-de"/>
      </object_component>
      <object_component id="oc-3aa">
         <name>.debug_info</name>
         <load_address>0x1351b</load_address>
         <run_address>0x1351b</run_address>
         <size>0xcd</size>
         <input_file_ref idref="fl-de"/>
      </object_component>
      <object_component id="oc-199">
         <name>.debug_info</name>
         <load_address>0x135e8</load_address>
         <run_address>0x135e8</run_address>
         <size>0x153</size>
         <input_file_ref idref="fl-df"/>
      </object_component>
      <object_component id="oc-2a3">
         <name>.debug_info</name>
         <load_address>0x1373b</load_address>
         <run_address>0x1373b</run_address>
         <size>0x122</size>
         <input_file_ref idref="fl-e1"/>
      </object_component>
      <object_component id="oc-3f1">
         <name>.debug_info</name>
         <load_address>0x1385d</load_address>
         <run_address>0x1385d</run_address>
         <size>0x94</size>
      </object_component>
      <object_component id="oc-272">
         <name>.debug_line</name>
         <load_address>0x0</load_address>
         <run_address>0x0</run_address>
         <size>0x18f</size>
         <input_file_ref idref="fl-2"/>
      </object_component>
      <object_component id="oc-38">
         <name>.debug_line</name>
         <load_address>0x18f</load_address>
         <run_address>0x18f</run_address>
         <size>0xec</size>
         <input_file_ref idref="fl-2"/>
      </object_component>
      <object_component id="oc-1b9">
         <name>.debug_line</name>
         <load_address>0x27b</load_address>
         <run_address>0x27b</run_address>
         <size>0x5a</size>
         <input_file_ref idref="fl-2"/>
      </object_component>
      <object_component id="oc-1be">
         <name>.debug_line</name>
         <load_address>0x2d5</load_address>
         <run_address>0x2d5</run_address>
         <size>0x59</size>
         <input_file_ref idref="fl-2"/>
      </object_component>
      <object_component id="oc-178">
         <name>.debug_line</name>
         <load_address>0x32e</load_address>
         <run_address>0x32e</run_address>
         <size>0x6f</size>
         <input_file_ref idref="fl-2"/>
      </object_component>
      <object_component id="oc-a1">
         <name>.debug_line</name>
         <load_address>0x39d</load_address>
         <run_address>0x39d</run_address>
         <size>0x20</size>
         <input_file_ref idref="fl-2"/>
      </object_component>
      <object_component id="oc-276">
         <name>.debug_line</name>
         <load_address>0x3bd</load_address>
         <run_address>0x3bd</run_address>
         <size>0x73</size>
         <input_file_ref idref="fl-2"/>
      </object_component>
      <object_component id="oc-122">
         <name>.debug_line</name>
         <load_address>0x430</load_address>
         <run_address>0x430</run_address>
         <size>0x6f</size>
         <input_file_ref idref="fl-2"/>
      </object_component>
      <object_component id="oc-171">
         <name>.debug_line</name>
         <load_address>0x49f</load_address>
         <run_address>0x49f</run_address>
         <size>0x70</size>
         <input_file_ref idref="fl-2"/>
      </object_component>
      <object_component id="oc-28f">
         <name>.debug_line</name>
         <load_address>0x50f</load_address>
         <run_address>0x50f</run_address>
         <size>0x141</size>
         <input_file_ref idref="fl-3"/>
      </object_component>
      <object_component id="oc-291">
         <name>.debug_line</name>
         <load_address>0x650</load_address>
         <run_address>0x650</run_address>
         <size>0x2c</size>
         <input_file_ref idref="fl-3"/>
      </object_component>
      <object_component id="oc-3a">
         <name>.debug_line</name>
         <load_address>0x67c</load_address>
         <run_address>0x67c</run_address>
         <size>0xbb</size>
         <input_file_ref idref="fl-3"/>
      </object_component>
      <object_component id="oc-174">
         <name>.debug_line</name>
         <load_address>0x737</load_address>
         <run_address>0x737</run_address>
         <size>0x69</size>
         <input_file_ref idref="fl-4"/>
      </object_component>
      <object_component id="oc-40">
         <name>.debug_line</name>
         <load_address>0x7a0</load_address>
         <run_address>0x7a0</run_address>
         <size>0x69</size>
         <input_file_ref idref="fl-4"/>
      </object_component>
      <object_component id="oc-2c">
         <name>.debug_line</name>
         <load_address>0x809</load_address>
         <run_address>0x809</run_address>
         <size>0xc9</size>
         <input_file_ref idref="fl-4"/>
      </object_component>
      <object_component id="oc-4b">
         <name>.debug_line</name>
         <load_address>0x8d2</load_address>
         <run_address>0x8d2</run_address>
         <size>0x20</size>
         <input_file_ref idref="fl-4"/>
      </object_component>
      <object_component id="oc-1b5">
         <name>.debug_line</name>
         <load_address>0x8f2</load_address>
         <run_address>0x8f2</run_address>
         <size>0x128</size>
         <input_file_ref idref="fl-5"/>
      </object_component>
      <object_component id="oc-31">
         <name>.debug_line</name>
         <load_address>0xa1a</load_address>
         <run_address>0xa1a</run_address>
         <size>0x83</size>
         <input_file_ref idref="fl-5"/>
      </object_component>
      <object_component id="oc-2ee">
         <name>.debug_line</name>
         <load_address>0xa9d</load_address>
         <run_address>0xa9d</run_address>
         <size>0x82</size>
         <input_file_ref idref="fl-d"/>
      </object_component>
      <object_component id="oc-2ec">
         <name>.debug_line</name>
         <load_address>0xb1f</load_address>
         <run_address>0xb1f</run_address>
         <size>0x7d</size>
         <input_file_ref idref="fl-d"/>
      </object_component>
      <object_component id="oc-1cb">
         <name>.debug_line</name>
         <load_address>0xb9c</load_address>
         <run_address>0xb9c</run_address>
         <size>0x95</size>
         <input_file_ref idref="fl-d"/>
      </object_component>
      <object_component id="oc-1d1">
         <name>.debug_line</name>
         <load_address>0xc31</load_address>
         <run_address>0xc31</run_address>
         <size>0xd1</size>
         <input_file_ref idref="fl-d"/>
      </object_component>
      <object_component id="oc-134">
         <name>.debug_line</name>
         <load_address>0xd02</load_address>
         <run_address>0xd02</run_address>
         <size>0x93</size>
         <input_file_ref idref="fl-d"/>
      </object_component>
      <object_component id="oc-b9">
         <name>.debug_line</name>
         <load_address>0xd95</load_address>
         <run_address>0xd95</run_address>
         <size>0x93</size>
         <input_file_ref idref="fl-d"/>
      </object_component>
      <object_component id="oc-bf">
         <name>.debug_line</name>
         <load_address>0xe28</load_address>
         <run_address>0xe28</run_address>
         <size>0x93</size>
         <input_file_ref idref="fl-d"/>
      </object_component>
      <object_component id="oc-b1">
         <name>.debug_line</name>
         <load_address>0xebb</load_address>
         <run_address>0xebb</run_address>
         <size>0xa7</size>
         <input_file_ref idref="fl-d"/>
      </object_component>
      <object_component id="oc-1ab">
         <name>.debug_line</name>
         <load_address>0xf62</load_address>
         <run_address>0xf62</run_address>
         <size>0x69</size>
         <input_file_ref idref="fl-d"/>
      </object_component>
      <object_component id="oc-2f5">
         <name>.debug_line</name>
         <load_address>0xfcb</load_address>
         <run_address>0xfcb</run_address>
         <size>0x82</size>
         <input_file_ref idref="fl-e"/>
      </object_component>
      <object_component id="oc-30c">
         <name>.debug_line</name>
         <load_address>0x104d</load_address>
         <run_address>0x104d</run_address>
         <size>0x91</size>
         <input_file_ref idref="fl-e"/>
      </object_component>
      <object_component id="oc-1e2">
         <name>.debug_line</name>
         <load_address>0x10de</load_address>
[...]
            <compression>zero_init</compression>
         </cprec>
      </cptbl>
   </cptbl_list>
   <handler_table>
      <handler_table_name>__TI_handler_table</handler_table_name>
      <handler>
         <index>0x0</index>
         <name>__TI_decompress_lzss</name>
      </handler>
      <handler>
         <index>0x1</index>
         <name>__TI_decompress_none</name>
      </handler>
      <handler>
         <index>0x2</index>
         <name>__TI_zero_init</name>
      </handler>
   </handler_table>
   <symbol_table>
      <symbol id="sm-1">
         <name>__STACK_TOP</name>
         <value>0x20000200</value>
      </symbol>
      <symbol id="sm-2">
         <name>__start___llvm_prf_cnts</name>
         <value>0x20000000</value>
      </symbol>
      <symbol id="sm-3">
         <name>__stop___llvm_prf_cnts</name>
         <value>0x20000000</value>
      </symbol>
      <symbol id="sm-4">
         <name>__TI_CINIT_Base</name>
         <value>0x26c0</value>
      </symbol>
      <symbol id="sm-5">
         <name>__TI_CINIT_Limit</name>
         <value>0x26d0</value>
      </symbol>
      <symbol id="sm-6">
         <name>__TI_Handler_Table_Base</name>
         <value>0x26a8</value>
      </symbol>
      <symbol id="sm-7">
         <name>__TI_Handler_Table_Limit</name>
         <value>0x26b4</value>
      </symbol>
      <symbol id="sm-8">
         <name>binit</name>
         <value>0xffffffff</value>
      </symbol>
      <symbol id="sm-9">
         <name>__binit__</name>
         <value>0xffffffff</value>
      </symbol>
      <symbol id="sm-a">
         <name>__STACK_SIZE</name>
         <value>0x200</value>
      </symbol>
      <symbol id="sm-b">
         <name>__STACK_END</name>
         <value>0x20000200</value>
      </symbol>
      <symbol id="sm-c">
         <name>__c_args__</name>
         <value>0xffffffff</value>
      </symbol>
      <symbol id="sm-d">
         <name>__TI_pprof_out_hndl</name>
         <value>0xffffffff</value>
      </symbol>
      <symbol id="sm-e">
         <name>__TI_prof_data_start</name>
         <value>0xffffffff</value>
      </symbol>
      <symbol id="sm-f">
         <name>__TI_prof_data_size</name>
         <value>0xffffffff</value>
      </symbol>
      <symbol id="sm-76">
         <name>g_bMPU6050Done</name>
         <value>0x20000388</value>
      </symbol>
      <symbol id="sm-77">
         <name>g_sI2CMSimpleInst</name>
         <value>0x20000200</value>
      </symbol>
      <symbol id="sm-78">
         <name>fAccel</name>
         <value>0x2000035c</value>
      </symbol>
      <symbol id="sm-79">
         <name>fGyro</name>
         <value>0x20000368</value>
      </symbol>
      <symbol id="sm-7a">
         <name>sMPU6050</name>
         <value>0x20000324</value>
      </symbol>
      <symbol id="sm-7b">
         <name>MPU6050INIT</name>
         <value>0x855</value>
         <object_component_ref idref="oc-33"/>
      </symbol>
      <symbol id="sm-7c">
         <name>MPU6050Callback</name>
         <value>0x839</value>
         <object_component_ref idref="oc-33"/>
      </symbol>
      <symbol id="sm-7d">
         <name>InitI2C0</name>
         <value>0x7dd</value>
         <object_component_ref idref="oc-33"/>
      </symbol>
      <symbol id="sm-7e">
         <name>MPU6050READDATA</name>
         <value>0x8df</value>
         <object_component_ref idref="oc-33"/>
      </symbol>
      <symbol id="sm-7f">
         <name>I2CMSimpleIntHandler</name>
         <value>0x84b</value>
         <object_component_ref idref="oc-33"/>
      </symbol>
      <symbol id="sm-bf">
         <name>refe</name>
         <value>0x20000374</value>
      </symbol>
      <symbol id="sm-c0">
         <name>sensor</name>
         <value>0x20000378</value>
      </symbol>
      <symbol id="sm-c1">
         <name>delta</name>
         <value>0x200003b8</value>
         <object_component_ref idref="oc-169"/>
      </symbol>
      <symbol id="sm-c2">
         <name>Ek_1</name>
         <value>0x200003a8</value>
         <object_component_ref idref="oc-169"/>
      </symbol>
      <symbol id="sm-c3">
         <name>prueba</name>
         <value>0x20000394</value>
         <object_component_ref idref="oc-169"/>
      </symbol>
      <symbol id="sm-c4">
         <name>uk</name>
         <value>0x20000390</value>
         <object_component_ref idref="oc-169"/>
      </symbol>
      <symbol id="sm-c5">
         <name>contador</name>
         <value>0x2000038e</value>
         <object_component_ref idref="oc-169"/>
      </symbol>
      <symbol id="sm-c6">
         <name>Kp</name>
         <value>0x200003ac</value>
         <object_component_ref idref="oc-169"/>
      </symbol>
      <symbol id="sm-c7">
         <name>Ki</name>
         <value>0x200003b0</value>
         <object_component_ref idref="oc-169"/>
      </symbol>
      <symbol id="sm-c8">
         <name>Kd</name>
         <value>0x200003b4</value>
         <object_component_ref idref="oc-169"/>
      </symbol>
      <symbol id="sm-c9">
         <name>ek_1</name>
         <value>0x200003a4</value>
         <object_component_ref idref="oc-169"/>
      </symbol>
      <symbol id="sm-ca">
         <name>Ek</name>
         <value>0x200003a0</value>
         <object_component_ref idref="oc-169"/>
      </symbol>
      <symbol id="sm-cb">
         <name>Set_Vary</name>
         <value>0x76f</value>
         <object_component_ref idref="oc-39"/>
      </symbol>
      <symbol id="sm-cc">
         <name>ek</name>
         <value>0x20000398</value>
         <object_component_ref idref="oc-169"/>
      </symbol>
      <symbol id="sm-cd">
         <name>ed</name>
         <value>0x2000039c</value>
         <object_component_ref idref="oc-169"/>
      </symbol>
      <symbol id="sm-ce">
         <name>dato</name>
         <value>0x2000038c</value>
         <object_component_ref idref="oc-169"/>
      </symbol>
      <symbol id="sm-cf">
         <name>PID_SETUP</name>
         <value>0x6d3</value>
         <object_component_ref idref="oc-39"/>
      </symbol>
      <symbol id="sm-d0">
         <name>Timer0IntHandler</name>
         <value>0x559</value>
         <object_component_ref idref="oc-39"/>
      </symbol>
      <symbol id="sm-d1">
         <name>uk_int</name>
         <value>0x200003bc</value>
         <object_component_ref idref="oc-169"/>
      </symbol>
      <symbol id="sm-f2">
         <name>ResetISR</name>
         <value>0x23dd</value>
         <object_component_ref idref="oc-27"/>
      </symbol>
      <symbol id="sm-f3">
         <name>g_pfnVectors</name>
         <value>0x0</value>
         <object_component_ref idref="oc-12"/>
      </symbol>
      <symbol id="sm-10b">
         <name>x</name>
         <value>0x2000037c</value>
      </symbol>
      <symbol id="sm-10c">
         <name>y</name>
         <value>0x20000380</value>
      </symbol>
      <symbol id="sm-10d">
         <name>z</name>
         <value>0x20000384</value>
      </symbol>
      <symbol id="sm-10e">
         <name>UART0IntHandler</name>
         <value>0x1c51</value>
         <object_component_ref idref="oc-2d"/>
      </symbol>
      <symbol id="sm-10f">
         <name>Timer0Handler</name>
         <value>0x1c45</value>
         <object_component_ref idref="oc-2d"/>
      </symbol>
      <symbol id="sm-110">
         <name>main</name>
         <value>0x1c65</value>
         <object_component_ref idref="oc-2d"/>
      </symbol>
      <symbol id="sm-158">
         <name>GPIOPinConfigure</name>
         <value>0x1ffd</value>
         <object_component_ref idref="oc-af"/>
      </symbol>
      <symbol id="sm-159">
         <name>GPIOPinTypeI2CSCL</name>
         <value>0x2361</value>
         <object_component_ref idref="oc-b5"/>
      </symbol>
      <symbol id="sm-15a">
         <name>GPIOPinTypeI2C</name>
         <value>0x234f</value>
         <object_component_ref idref="oc-bb"/>
      </symbol>
      <symbol id="sm-15b">
         <name>GPIODirModeSet</name>
         <value>0x22a5</value>
         <object_component_ref idref="oc-1c7"/>
      </symbol>
      <symbol id="sm-15c">
         <name>GPIOPadConfigSet</name>
         <value>0x1087</value>
         <object_component_ref idref="oc-1cd"/>
      </symbol>
      <symbol id="sm-15d">
         <name>GPIOPinTypeSSI</name>
         <value>0x2373</value>
         <object_component_ref idref="oc-130"/>
      </symbol>
      <symbol id="sm-1a6">
         <name>I2CMasterDataPut</name>
         <value>0x244f</value>
         <object_component_ref idref="oc-313"/>
      </symbol>
      <symbol id="sm-1a7">
         <name>I2CMasterInitExpClk</name>
         <value>0x1f19</value>
         <object_component_ref idref="oc-c7"/>
      </symbol>
      <symbol id="sm-1a8">
         <name>I2CMasterSlaveAddrSet</name>
         <value>0x2421</value>
         <object_component_ref idref="oc-30b"/>
      </symbol>
      <symbol id="sm-1a9">
         <name>I2CMasterDataGet</name>
         <value>0x244b</value>
         <object_component_ref idref="oc-301"/>
      </symbol>
      <symbol id="sm-1aa">
         <name>I2CMasterIntEnableEx</name>
         <value>0x2419</value>
         <object_component_ref idref="oc-1e1"/>
      </symbol>
      <symbol id="sm-1ab">
         <name>I2CMasterControl</name>
         <value>0x2447</value>
         <object_component_ref idref="oc-1ef"/>
      </symbol>
      <symbol id="sm-1ac">
         <name>I2CMasterEnable</name>
         <value>0x23e9</value>
         <object_component_ref idref="oc-1d9"/>
      </symbol>
      <symbol id="sm-1ad">
         <name>I2CMasterIntClear</name>
         <value>0x2411</value>
         <object_component_ref idref="oc-1e9"/>
      </symbol>
      <symbol id="sm-20b">
         <name>IntIsEnabled</name>
         <value>0x1be1</value>
         <object_component_ref idref="oc-31d"/>
      </symbol>
      <symbol id="sm-20c">
         <name>IntEnable</name>
         <value>0x1b11</value>
         <object_component_ref idref="oc-154"/>
      </symbol>
      <symbol id="sm-20d">
         <name>IntTrigger</name>
         <value>0x23d1</value>
         <object_component_ref idref="oc-329"/>
      </symbol>
      <symbol id="sm-20e">
         <name>IntDisable</name>
         <value>0x1aa9</value>
         <object_component_ref idref="oc-323"/>
      </symbol>
      <symbol id="sm-20f">
         <name>IntMasterEnable</name>
         <value>0x2397</value>
         <object_component_ref idref="oc-142"/>
      </symbol>
      <symbol id="sm-236">
         <name>SSIDataPut</name>
         <value>0x23f3</value>
         <object_component_ref idref="oc-124"/>
      </symbol>
      <symbol id="sm-237">
         <name>SSIConfigSetExpClk</name>
         <value>0x2195</value>
         <object_component_ref idref="oc-136"/>
      </symbol>
      <symbol id="sm-238">
         <name>SSIEnable</name>
         <value>0x23fd</value>
         <object_component_ref idref="oc-13c"/>
      </symbol>
      <symbol id="sm-239">
         <name>SSIBusy</name>
         <value>0x2429</value>
         <object_component_ref idref="oc-12a"/>
      </symbol>
      <symbol id="sm-297">
         <name>SysCtlClockSet</name>
         <value>0x13c5</value>
         <object_component_ref idref="oc-92"/>
      </symbol>
      <symbol id="sm-298">
         <name>SysCtlDelay</name>
         <value>0x2441</value>
         <object_component_ref idref="oc-1b1"/>
      </symbol>
      <symbol id="sm-299">
         <name>SysCtlPeripheralEnable</name>
         <value>0x223d</value>
         <object_component_ref idref="oc-a3"/>
      </symbol>
      <symbol id="sm-29a">
         <name>SysCtlClockGet</name>
         <value>0x11b9</value>
         <object_component_ref idref="oc-c1"/>
      </symbol>
      <symbol id="sm-29b">
         <name>SysCtlPeripheralReset</name>
         <value>0x1ec9</value>
         <object_component_ref idref="oc-a9"/>
      </symbol>
      <symbol id="sm-2cf">
         <name>TimerLoadSet</name>
         <value>0x2385</value>
         <object_component_ref idref="oc-14e"/>
      </symbol>
      <symbol id="sm-2d0">
         <name>TimerEnable</name>
         <value>0x23a7</value>
         <object_component_ref idref="oc-160"/>
      </symbol>
      <symbol id="sm-2d1">
         <name>TimerIntEnable</name>
         <value>0x2431</value>
         <object_component_ref idref="oc-15a"/>
      </symbol>
      <symbol id="sm-2d2">
         <name>TimerConfigure</name>
         <value>0x1d09</value>
         <object_component_ref idref="oc-148"/>
      </symbol>
      <symbol id="sm-2d3">
         <name>TimerIntClear</name>
         <value>0x2453</value>
         <object_component_ref idref="oc-80"/>
      </symbol>
      <symbol id="sm-2e8">
         <name>UARTIntClear</name>
         <value>0x2457</value>
         <object_component_ref idref="oc-8c"/>
      </symbol>
      <symbol id="sm-2e9">
         <name>UARTIntStatus</name>
         <value>0x2407</value>
         <object_component_ref idref="oc-86"/>
      </symbol>
      <symbol id="sm-2f3">
         <name>CPUcpsie</name>
         <value>0x23c3</value>
         <object_component_ref idref="oc-27e"/>
      </symbol>
      <symbol id="sm-3c9">
         <name>I2CMCommand</name>
         <value>0x17d1</value>
         <object_component_ref idref="oc-238"/>
      </symbol>
      <symbol id="sm-3ca">
         <name>I2CMInit</name>
         <value>0x2209</value>
         <object_component_ref idref="oc-cd"/>
      </symbol>
      <symbol id="sm-3cb">
         <name>I2CMReadModifyWrite8</name>
         <value>0x18e1</value>
         <object_component_ref idref="oc-246"/>
      </symbol>
      <symbol id="sm-3cc">
         <name>I2CMIntHandler</name>
         <value>0x14b9</value>
         <object_component_ref idref="oc-d3"/>
      </symbol>
      <symbol id="sm-42f">
         <name>MPU6050DataGyroGetFloat</name>
         <value>0x19c9</value>
         <object_component_ref idref="oc-f1"/>
      </symbol>
      <symbol id="sm-430">
         <name>MPU6050DataAccelGetFloat</name>
         <value>0x1959</value>
         <object_component_ref idref="oc-eb"/>
      </symbol>
      <symbol id="sm-431">
         <name>MPU6050DataRead</name>
         <value>0x1e25</value>
         <object_component_ref idref="oc-e5"/>
      </symbol>
      <symbol id="sm-432">
         <name>MPU6050Init</name>
         <value>0x1dc9</value>
         <object_component_ref idref="oc-d9"/>
      </symbol>
      <symbol id="sm-433">
         <name>MPU6050ReadModifyWrite</name>
         <value>0x1f65</value>
         <object_component_ref idref="oc-df"/>
      </symbol>
      <symbol id="sm-477">
         <name>atan2</name>
         <value>0xa5d</value>
         <object_component_ref idref="oc-102"/>
      </symbol>
      <symbol id="sm-478">
         <name>atan2l</name>
         <value>0xa5d</value>
         <object_component_ref idref="oc-102"/>
      </symbol>
      <symbol id="sm-49a">
         <name>sqrtl</name>
         <value>0xdf9</value>
         <object_component_ref idref="oc-fc"/>
      </symbol>
      <symbol id="sm-49b">
         <name>sqrt</name>
         <value>0xdf9</value>
         <object_component_ref idref="oc-fc"/>
      </symbol>
      <symbol id="sm-4d1">
         <name>atanl</name>
         <value>0x26d</value>
         <object_component_ref idref="oc-266"/>
      </symbol>
      <symbol id="sm-4d2">
         <name>atan</name>
         <value>0x26d</value>
         <object_component_ref idref="oc-266"/>
      </symbol>
      <symbol id="sm-4e9">
         <name>__aeabi_dsub</name>
         <value>0xc41</value>
         <object_component_ref idref="oc-254"/>
      </symbol>
      <symbol id="sm-4ea">
         <name>__aeabi_dadd</name>
         <value>0xc4b</value>
         <object_component_ref idref="oc-254"/>
      </symbol>
      <symbol id="sm-4fc">
         <name>__aeabi_cdrcmple</name>
         <value>0x1859</value>
         <object_component_ref idref="oc-34e"/>
      </symbol>
      <symbol id="sm-510">
         <name>__aeabi_ddiv</name>
         <value>0xf51</value>
         <object_component_ref idref="oc-10d"/>
      </symbol>
      <symbol id="sm-51b">
         <name>__aeabi_dmul</name>
         <value>0x12c9</value>
         <object_component_ref idref="oc-108"/>
      </symbol>
      <symbol id="sm-527">
         <name>__aeabi_d2f</name>
         <value>0x1a39</value>
         <object_component_ref idref="oc-112"/>
      </symbol>
      <symbol id="sm-532">
         <name>__aeabi_f2d</name>
         <value>0x21d1</value>
         <object_component_ref idref="oc-f7"/>
      </symbol>
      <symbol id="sm-54c">
         <name>__TI_zero_init_nomemset</name>
         <value>0x2319</value>
         <object_component_ref idref="oc-59"/>
      </symbol>
      <symbol id="sm-563">
         <name>__TI_decompress_none</name>
         <value>0x23b5</value>
         <object_component_ref idref="oc-1b"/>
      </symbol>
      <symbol id="sm-586">
         <name>__TI_decompress_lzss</name>
         <value>0x1b79</value>
         <object_component_ref idref="oc-15"/>
      </symbol>
      <symbol id="sm-59c">
         <name>__aeabi_errno_addr</name>
         <value>0x2439</value>
         <object_component_ref idref="oc-259"/>
      </symbol>
      <symbol id="sm-59d">
         <name>errno</name>
         <value>0x200003c0</value>
         <object_component_ref idref="oc-342"/>
      </symbol>
      <symbol id="sm-5b0">
         <name>__stack</name>
         <value>0x20000000</value>
         <object_component_ref idref="oc-24"/>
      </symbol>
      <symbol id="sm-5b1">
         <name>_c_int00_noargs</name>
         <value>0x2271</value>
         <object_component_ref idref="oc-6b"/>
      </symbol>
      <symbol id="sm-5cd">
         <name>memcpy</name>
         <value>0x169d</value>
         <object_component_ref idref="oc-4d"/>
      </symbol>
      <symbol id="sm-5ce">
         <name>__aeabi_memcpy</name>
         <value>0x169d</value>
         <object_component_ref idref="oc-4d"/>
      </symbol>
      <symbol id="sm-5cf">
         <name>__aeabi_memcpy8</name>
         <value>0x169d</value>
         <object_component_ref idref="oc-4d"/>
      </symbol>
      <symbol id="sm-5d0">
         <name>__aeabi_memcpy4</name>
         <value>0x169d</value>
         <object_component_ref idref="oc-4d"/>
      </symbol>
      <symbol id="sm-5f9">
         <name>__TI_auto_init_nobinit_nopinit</name>
         <value>0x20d1</value>
         <object_component_ref idref="oc-2ae"/>
      </symbol>
      <symbol id="sm-603">
         <name>_system_pre_init</name>
         <value>0x245b</value>
         <object_component_ref idref="oc-195"/>
      </symbol>
      <symbol id="sm-60f">
         <name>C$$EXIT</name>
         <value>0x245f</value>
         <object_component_ref idref="oc-2a2"/>
      </symbol>
      <symbol id="sm-610">
         <name>abort</name>
         <value>0x245f</value>
         <object_component_ref idref="oc-2a2"/>
      </symbol>
      <symbol id="sm-613">
         <name>__TI_static_base__</name>
         <value>0x0</value>
      </symbol>
      <symbol id="sm-616">
         <name>__mpu_init</name>
         <value>0x0</value>
      </symbol>
      <symbol id="sm-617">
         <name>_system_post_cinit</name>
         <value>0x0</value>
      </symbol>
   </symbol_table>
   <title>Link successful</title>
</link_info>
